ARM Linker, 5.02 [Build 28] [MDK-ARM Standard]

==============================================================================

Section Cross References

    main.o(.text) refers to usb_mem.o(.text) for UserToPMABufferCopy
    main.o(.text) refers to usb_regs.o(.text) for SetEPTxCount
    main.o(.text) refers to peripheralinit.o(.text) for PeripheralInit
    peripheralinit.o(.text) refers to gpio_init_configuration.o(.text) for GPIO_Init_Configuration
    peripheralinit.o(.text) refers to delay.o(.text) for Delay_1us
    peripheralinit.o(.text) refers to control.o(.text) for DOWN_024
    peripheralinit.o(.text) refers to hw_config.o(.text) for Set_USBClock
    peripheralinit.o(.text) refers to usb_init.o(.text) for USB_Init
    peripheralinit.o(.text) refers to usb_endp.o(.data) for R_index
    stm32f10x_it.o(.text) refers to usb_istr.o(.text) for USB_Istr
    stm32f10x_it.o(.text) refers to stm32f10x_usart.o(.text) for USART_GetITStatus
    stm32f10x_it.o(.text) refers to hw_config.o(.text) for USART_To_USB_Send_Data
    stm32f10x_it.o(.text) refers to stm32f10x_exti.o(.text) for EXTI_ClearITPendingBit
    hw_config.o(.text) refers to stm32f10x_exti.o(.text) for EXTI_ClearITPendingBit
    hw_config.o(.text) refers to stm32f10x_rcc.o(.text) for RCC_USBCLKConfig
    hw_config.o(.text) refers to system_stm32f10x.o(.text) for SystemInit
    hw_config.o(.text) refers to misc.o(.text) for NVIC_PriorityGroupConfig
    hw_config.o(.text) refers to stm32f10x_gpio.o(.text) for GPIO_ResetBits
    hw_config.o(.text) refers to stm32f10x_usart.o(.text) for USART_Init
    hw_config.o(.text) refers to usb_mem.o(.text) for UserToPMABufferCopy
    hw_config.o(.text) refers to usb_regs.o(.text) for SetEPTxCount
    hw_config.o(.text) refers to hw_config.o(.data) for EXTI_InitStructure
    hw_config.o(.text) refers to usb_pwr.o(.data) for bDeviceState
    hw_config.o(.text) refers to usb_init.o(.bss) for Device_Info
    hw_config.o(.text) refers to hw_config.o(.bss) for USART_InitStructure
    hw_config.o(.text) refers to usb_prop.o(.data) for linecoding
    hw_config.o(.text) refers to usb_desc.o(.data) for Virtual_Com_Port_StringSerial
    usb_endp.o(.text) refers to usb_mem.o(.text) for UserToPMABufferCopy
    usb_endp.o(.text) refers to usb_regs.o(.text) for SetEPTxCount
    usb_endp.o(.text) refers to control.o(.text) for DOWN_024
    usb_endp.o(.text) refers to rt_memclr_w.o(.text) for __aeabi_memclr4
    usb_endp.o(.text) refers to usb_sil.o(.text) for USB_SIL_Read
    usb_endp.o(.text) refers to main.o(.text) for USB_Send_string
    usb_endp.o(.text) refers to hw_config.o(.text) for Handle_USBAsynchXfer
    usb_endp.o(.text) refers to hw_config.o(.data) for USB_Tx_State
    usb_endp.o(.text) refers to hw_config.o(.bss) for USART_Rx_Buffer
    usb_endp.o(.text) refers to usb_endp.o(.bss) for USB_Rx_Buffer
    usb_endp.o(.text) refers to usb_endp.o(.data) for i
    usb_endp.o(.text) refers to usb_pwr.o(.data) for bDeviceState
    usb_istr.o(.text) refers to usb_endp.o(.text) for SOF_Callback
    usb_istr.o(.text) refers to usb_int.o(.text) for CTR_LP
    usb_istr.o(.text) refers to usb_pwr.o(.text) for Resume
    usb_istr.o(.text) refers to usb_istr.o(.data) for wIstr
    usb_istr.o(.text) refers to usb_init.o(.data) for wInterrupt_Mask
    usb_istr.o(.text) refers to usb_prop.o(.data) for Device_Property
    usb_istr.o(.text) refers to usb_pwr.o(.data) for fSuspendEnabled
    usb_istr.o(.data) refers to usb_endp.o(.text) for EP1_IN_Callback
    usb_istr.o(.data) refers to usb_core.o(.text) for NOP_Process
    usb_prop.o(.text) refers to hw_config.o(.text) for Get_SerialNum
    usb_prop.o(.text) refers to usb_pwr.o(.text) for PowerOn
    usb_prop.o(.text) refers to usb_sil.o(.text) for USB_SIL_Init
    usb_prop.o(.text) refers to usb_regs.o(.text) for SetBTABLE
    usb_prop.o(.text) refers to usb_core.o(.text) for SetDeviceAddress
    usb_prop.o(.text) refers to usb_init.o(.data) for pInformation
    usb_prop.o(.text) refers to usb_pwr.o(.data) for bDeviceState
    usb_prop.o(.text) refers to usb_desc.o(.constdata) for Virtual_Com_Port_ConfigDescriptor
    usb_prop.o(.text) refers to usb_prop.o(.data) for Device_Property
    usb_prop.o(.text) refers to usb_init.o(.bss) for Device_Info
    usb_prop.o(.data) refers to usb_prop.o(.text) for Virtual_Com_Port_init
    usb_prop.o(.data) refers to usb_core.o(.text) for NOP_Process
    usb_prop.o(.data) refers to usb_desc.o(.constdata) for Virtual_Com_Port_DeviceDescriptor
    usb_prop.o(.data) refers to usb_desc.o(.data) for Virtual_Com_Port_StringSerial
    usb_pwr.o(.text) refers to hw_config.o(.text) for USB_Cable_Config
    usb_pwr.o(.text) refers to usb_init.o(.data) for wInterrupt_Mask
    usb_pwr.o(.text) refers to usb_pwr.o(.bss) for EP
    usb_pwr.o(.text) refers to usb_pwr.o(.data) for ResumeS
    control.o(.text) refers to stm32f10x_gpio.o(.text) for GPIO_ResetBits
    gpio_init_configuration.o(.text) refers to stm32f10x_rcc.o(.text) for RCC_APB2PeriphClockCmd
    gpio_init_configuration.o(.text) refers to stm32f10x_gpio.o(.text) for GPIO_Init
    stm32f10x_rcc.o(.text) refers to stm32f10x_rcc.o(.data) for APBAHBPrescTable
    stm32f10x_gpio.o(.text) refers to stm32f10x_rcc.o(.text) for RCC_APB2PeriphResetCmd
    stm32f10x_usart.o(.text) refers to stm32f10x_rcc.o(.text) for RCC_APB2PeriphResetCmd
    system_stm32f10x.o(.text) refers to system_stm32f10x.o(.data) for SystemCoreClock
    startup_stm32f10x_hd.o(STACK) refers (Special) to heapauxi.o(.text) for __use_two_region_memory
    startup_stm32f10x_hd.o(HEAP) refers (Special) to heapauxi.o(.text) for __use_two_region_memory
    startup_stm32f10x_hd.o(RESET) refers (Special) to heapauxi.o(.text) for __use_two_region_memory
    startup_stm32f10x_hd.o(RESET) refers to startup_stm32f10x_hd.o(STACK) for __initial_sp
    startup_stm32f10x_hd.o(RESET) refers to startup_stm32f10x_hd.o(.text) for Reset_Handler
    startup_stm32f10x_hd.o(RESET) refers to stm32f10x_it.o(.text) for NMI_Handler
    startup_stm32f10x_hd.o(.text) refers (Special) to heapauxi.o(.text) for __use_two_region_memory
    startup_stm32f10x_hd.o(.text) refers to system_stm32f10x.o(.text) for SystemInit
    startup_stm32f10x_hd.o(.text) refers to __main.o(!!!main) for __main
    startup_stm32f10x_hd.o(.text) refers to startup_stm32f10x_hd.o(HEAP) for Heap_Mem
    startup_stm32f10x_hd.o(.text) refers to startup_stm32f10x_hd.o(STACK) for Stack_Mem
    usb_core.o(.text) refers to usb_regs.o(.text) for ClearDTOG_TX
    usb_core.o(.text) refers to usb_init.o(.data) for pInformation
    usb_core.o(.text) refers to usb_prop.o(.data) for Device_Table
    usb_core.o(.text) refers to usb_core.o(.data) for StatusInfo
    usb_core.o(.text) refers to usb_mem.o(.text) for PMAToUserBufferCopy
    usb_core.o(.text) refers to usb_int.o(.data) for SaveRState
    usb_init.o(.text) refers to usb_init.o(.bss) for Device_Info
    usb_init.o(.text) refers to usb_init.o(.data) for pInformation
    usb_init.o(.text) refers to usb_prop.o(.data) for Device_Property
    usb_int.o(.text) refers to usb_core.o(.text) for In0_Process
    usb_int.o(.text) refers to usb_istr.o(.data) for wIstr
    usb_int.o(.text) refers to usb_init.o(.data) for EPindex
    usb_int.o(.text) refers to usb_int.o(.data) for SaveRState
    usb_sil.o(.text) refers to usb_regs.o(.text) for GetEPTxAddr
    usb_sil.o(.text) refers to usb_mem.o(.text) for UserToPMABufferCopy
    usb_sil.o(.text) refers to usb_init.o(.data) for wInterrupt_Mask
    __main.o(!!!main) refers to rtentry.o(.ARM.Collect$$rtentry$$00000000) for __rt_entry
    rtentry.o(.ARM.Collect$$rtentry$$00000000) refers (Special) to rtentry2.o(.ARM.Collect$$rtentry$$0000000A) for __rt_entry_li
    rtentry.o(.ARM.Collect$$rtentry$$00000000) refers (Special) to rtentry2.o(.ARM.Collect$$rtentry$$0000000D) for __rt_entry_main
    rtentry.o(.ARM.Collect$$rtentry$$00000000) refers (Special) to rtentry2.o(.ARM.Collect$$rtentry$$0000000C) for __rt_entry_postli_1
    rtentry.o(.ARM.Collect$$rtentry$$00000000) refers (Special) to rtentry2.o(.ARM.Collect$$rtentry$$00000009) for __rt_entry_postsh_1
    rtentry.o(.ARM.Collect$$rtentry$$00000000) refers (Special) to rtentry2.o(.ARM.Collect$$rtentry$$00000002) for __rt_entry_presh_1
    rtentry.o(.ARM.Collect$$rtentry$$00000000) refers (Special) to rtentry4.o(.ARM.Collect$$rtentry$$00000004) for __rt_entry_sh
    rtentry2.o(.ARM.Collect$$rtentry$$00000008) refers to boardinit2.o(.text) for _platform_post_stackheap_init
    rtentry2.o(.ARM.Collect$$rtentry$$0000000A) refers to libinit.o(.ARM.Collect$$libinit$$00000000) for __rt_lib_init
    rtentry2.o(.ARM.Collect$$rtentry$$0000000B) refers to boardinit3.o(.text) for _platform_post_lib_init
    rtentry2.o(.ARM.Collect$$rtentry$$0000000D) refers to main.o(.text) for main
    rtentry2.o(.ARM.Collect$$rtentry$$0000000D) refers to exit.o(.text) for exit
    rtentry2.o(.ARM.exidx) refers to rtentry2.o(.ARM.Collect$$rtentry$$00000001) for .ARM.Collect$$rtentry$$00000001
    rtentry2.o(.ARM.exidx) refers to rtentry2.o(.ARM.Collect$$rtentry$$00000008) for .ARM.Collect$$rtentry$$00000008
    rtentry2.o(.ARM.exidx) refers to rtentry2.o(.ARM.Collect$$rtentry$$0000000A) for .ARM.Collect$$rtentry$$0000000A
    rtentry2.o(.ARM.exidx) refers to rtentry2.o(.ARM.Collect$$rtentry$$0000000B) for .ARM.Collect$$rtentry$$0000000B
    rtentry2.o(.ARM.exidx) refers to rtentry2.o(.ARM.Collect$$rtentry$$0000000D) for .ARM.Collect$$rtentry$$0000000D
    rtentry4.o(.ARM.Collect$$rtentry$$00000004) refers to sys_stackheap_outer.o(.text) for __user_setup_stackheap
    rtentry4.o(.ARM.exidx) refers to rtentry4.o(.ARM.Collect$$rtentry$$00000004) for .ARM.Collect$$rtentry$$00000004
    sys_stackheap_outer.o(.text) refers to libspace.o(.text) for __user_perproc_libspace
    sys_stackheap_outer.o(.text) refers to startup_stm32f10x_hd.o(.text) for __user_initial_stackheap
    exit.o(.text) refers to rtexit.o(.ARM.Collect$$rtexit$$00000000) for __rt_exit
    libinit.o(.ARM.Collect$$libinit$$00000000) refers (Special) to libinit2.o(.ARM.Collect$$libinit$$0000002C) for __rt_lib_init_alloca_1
    libinit.o(.ARM.Collect$$libinit$$00000000) refers (Special) to libinit2.o(.ARM.Collect$$libinit$$0000002A) for __rt_lib_init_argv_1
    libinit.o(.ARM.Collect$$libinit$$00000000) refers (Special) to libinit2.o(.ARM.Collect$$libinit$$00000019) for __rt_lib_init_atexit_1
    libinit.o(.ARM.Collect$$libinit$$00000000) refers (Special) to libinit2.o(.ARM.Collect$$libinit$$0000001F) for __rt_lib_init_clock_1
    libinit.o(.ARM.Collect$$libinit$$00000000) refers (Special) to libinit2.o(.ARM.Collect$$libinit$$00000030) for __rt_lib_init_cpp_1
    libinit.o(.ARM.Collect$$libinit$$00000000) refers (Special) to libinit2.o(.ARM.Collect$$libinit$$0000002E) for __rt_lib_init_exceptions_1
    libinit.o(.ARM.Collect$$libinit$$00000000) refers (Special) to libinit2.o(.ARM.Collect$$libinit$$00000002) for __rt_lib_init_fp_1
    libinit.o(.ARM.Collect$$libinit$$00000000) refers (Special) to libinit2.o(.ARM.Collect$$libinit$$0000001D) for __rt_lib_init_fp_trap_1
    libinit.o(.ARM.Collect$$libinit$$00000000) refers (Special) to libinit2.o(.ARM.Collect$$libinit$$00000021) for __rt_lib_init_getenv_1
    libinit.o(.ARM.Collect$$libinit$$00000000) refers (Special) to libinit2.o(.ARM.Collect$$libinit$$00000008) for __rt_lib_init_heap_1
    libinit.o(.ARM.Collect$$libinit$$00000000) refers (Special) to libinit2.o(.ARM.Collect$$libinit$$0000000F) for __rt_lib_init_lc_collate_1
    libinit.o(.ARM.Collect$$libinit$$00000000) refers (Special) to libinit2.o(.ARM.Collect$$libinit$$00000011) for __rt_lib_init_lc_ctype_1
    libinit.o(.ARM.Collect$$libinit$$00000000) refers (Special) to libinit2.o(.ARM.Collect$$libinit$$00000013) for __rt_lib_init_lc_monetary_1
    libinit.o(.ARM.Collect$$libinit$$00000000) refers (Special) to libinit2.o(.ARM.Collect$$libinit$$00000015) for __rt_lib_init_lc_numeric_1
    libinit.o(.ARM.Collect$$libinit$$00000000) refers (Special) to libinit2.o(.ARM.Collect$$libinit$$00000017) for __rt_lib_init_lc_time_1
    libinit.o(.ARM.Collect$$libinit$$00000000) refers (Special) to libinit2.o(.ARM.Collect$$libinit$$0000000C) for __rt_lib_init_rand_1
    libinit.o(.ARM.Collect$$libinit$$00000000) refers (Special) to libinit2.o(.ARM.Collect$$libinit$$00000031) for __rt_lib_init_return
    libinit.o(.ARM.Collect$$libinit$$00000000) refers (Special) to libinit2.o(.ARM.Collect$$libinit$$0000001B) for __rt_lib_init_signal_1
    libinit.o(.ARM.Collect$$libinit$$00000000) refers (Special) to libinit2.o(.ARM.Collect$$libinit$$00000023) for __rt_lib_init_stdio_1
    libinit.o(.ARM.Collect$$libinit$$00000000) refers (Special) to libinit2.o(.ARM.Collect$$libinit$$0000000A) for __rt_lib_init_user_alloc_1
    libspace.o(.text) refers to libspace.o(.bss) for __libspace_start
    rtexit.o(.ARM.Collect$$rtexit$$00000000) refers (Special) to rtexit2.o(.ARM.Collect$$rtexit$$00000004) for __rt_exit_exit
    rtexit.o(.ARM.Collect$$rtexit$$00000000) refers (Special) to rtexit2.o(.ARM.Collect$$rtexit$$00000003) for __rt_exit_ls
    rtexit.o(.ARM.Collect$$rtexit$$00000000) refers (Special) to rtexit2.o(.ARM.Collect$$rtexit$$00000002) for __rt_exit_prels_1
    rtexit.o(.ARM.exidx) refers (Special) to rtexit2.o(.ARM.Collect$$rtexit$$00000004) for __rt_exit_exit
    rtexit.o(.ARM.exidx) refers (Special) to rtexit2.o(.ARM.Collect$$rtexit$$00000003) for __rt_exit_ls
    rtexit.o(.ARM.exidx) refers (Special) to rtexit2.o(.ARM.Collect$$rtexit$$00000002) for __rt_exit_prels_1
    rtexit.o(.ARM.exidx) refers to rtexit.o(.ARM.Collect$$rtexit$$00000000) for .ARM.Collect$$rtexit$$00000000
    libinit2.o(.ARM.Collect$$libinit$$0000000E) refers to libinit2.o(.ARM.Collect$$libinit$$0000000D) for .ARM.Collect$$libinit$$0000000D
    libinit2.o(.ARM.Collect$$libinit$$00000010) refers to libinit2.o(.ARM.Collect$$libinit$$0000000D) for .ARM.Collect$$libinit$$0000000D
    libinit2.o(.ARM.Collect$$libinit$$00000012) refers to libinit2.o(.ARM.Collect$$libinit$$0000000D) for .ARM.Collect$$libinit$$0000000D
    libinit2.o(.ARM.Collect$$libinit$$00000014) refers to libinit2.o(.ARM.Collect$$libinit$$0000000D) for .ARM.Collect$$libinit$$0000000D
    libinit2.o(.ARM.Collect$$libinit$$00000016) refers to libinit2.o(.ARM.Collect$$libinit$$0000000D) for .ARM.Collect$$libinit$$0000000D
    libinit2.o(.ARM.Collect$$libinit$$00000024) refers to argv_veneer.o(.emb_text) for __ARM_argv_veneer
    libinit2.o(.ARM.Collect$$libinit$$00000025) refers to argv_veneer.o(.emb_text) for __ARM_argv_veneer
    rtexit2.o(.ARM.Collect$$rtexit$$00000003) refers to libshutdown.o(.ARM.Collect$$libshutdown$$00000000) for __rt_lib_shutdown
    rtexit2.o(.ARM.Collect$$rtexit$$00000004) refers to sys_exit.o(.text) for _sys_exit
    rtexit2.o(.ARM.exidx) refers to rtexit2.o(.ARM.Collect$$rtexit$$00000001) for .ARM.Collect$$rtexit$$00000001
    rtexit2.o(.ARM.exidx) refers to rtexit2.o(.ARM.Collect$$rtexit$$00000003) for .ARM.Collect$$rtexit$$00000003
    rtexit2.o(.ARM.exidx) refers to rtexit2.o(.ARM.Collect$$rtexit$$00000004) for .ARM.Collect$$rtexit$$00000004
    argv_veneer.o(.emb_text) refers to no_argv.o(.text) for __ARM_get_argv
    sys_exit.o(.text) refers (Special) to use_no_semi.o(.text) for __I$use$semihosting
    sys_exit.o(.text) refers (Special) to indicate_semi.o(.text) for __semihosting_library_function
    _get_argv_nomalloc.o(.text) refers (Special) to hrguard.o(.text) for __heap_region$guard
    _get_argv_nomalloc.o(.text) refers to defsig_rtmem_outer.o(.text) for __rt_SIGRTMEM
    _get_argv_nomalloc.o(.text) refers to sys_command.o(.text) for _sys_command_string
    libshutdown.o(.ARM.Collect$$libshutdown$$00000000) refers (Special) to libshutdown2.o(.ARM.Collect$$libshutdown$$00000006) for __rt_lib_shutdown_fp_trap_1
    libshutdown.o(.ARM.Collect$$libshutdown$$00000000) refers (Special) to libshutdown2.o(.ARM.Collect$$libshutdown$$0000000E) for __rt_lib_shutdown_heap_1
    libshutdown.o(.ARM.Collect$$libshutdown$$00000000) refers (Special) to libshutdown2.o(.ARM.Collect$$libshutdown$$0000000F) for __rt_lib_shutdown_return
    libshutdown.o(.ARM.Collect$$libshutdown$$00000000) refers (Special) to libshutdown2.o(.ARM.Collect$$libshutdown$$00000009) for __rt_lib_shutdown_signal_1
    libshutdown.o(.ARM.Collect$$libshutdown$$00000000) refers (Special) to libshutdown2.o(.ARM.Collect$$libshutdown$$00000003) for __rt_lib_shutdown_stdio_1
    libshutdown.o(.ARM.Collect$$libshutdown$$00000000) refers (Special) to libshutdown2.o(.ARM.Collect$$libshutdown$$0000000B) for __rt_lib_shutdown_user_alloc_1
    sys_command.o(.text) refers (Special) to use_no_semi.o(.text) for __I$use$semihosting
    sys_command.o(.text) refers (Special) to indicate_semi.o(.text) for __semihosting_library_function
    defsig_rtmem_outer.o(.text) refers to defsig_rtmem_inner.o(.text) for __rt_SIGRTMEM_inner
    defsig_rtmem_outer.o(.text) refers to defsig_exit.o(.text) for __sig_exit
    defsig_rtmem_formal.o(.text) refers to rt_raise.o(.text) for __rt_raise
    rt_raise.o(.text) refers to __raise.o(.text) for __raise
    rt_raise.o(.text) refers to sys_exit.o(.text) for _sys_exit
    defsig_exit.o(.text) refers to sys_exit.o(.text) for _sys_exit
    defsig_rtmem_inner.o(.text) refers to defsig_general.o(.text) for __default_signal_display
    __raise.o(.text) refers to defsig.o(CL$$defsig) for __default_signal_handler
    defsig_general.o(.text) refers to sys_wrch.o(.text) for _ttywrch
    sys_wrch.o(.text) refers (Special) to use_no_semi.o(.text) for __I$use$semihosting
    sys_wrch.o(.text) refers (Special) to indicate_semi.o(.text) for __semihosting_library_function
    defsig.o(CL$$defsig) refers to defsig_rtmem_inner.o(.text) for __rt_SIGRTMEM_inner
    defsig_abrt_inner.o(.text) refers to defsig_general.o(.text) for __default_signal_display
    defsig_fpe_inner.o(.text) refers to defsig_general.o(.text) for __default_signal_display
    defsig_rtred_inner.o(.text) refers to defsig_general.o(.text) for __default_signal_display
    defsig_stak_inner.o(.text) refers to defsig_general.o(.text) for __default_signal_display
    defsig_pvfn_inner.o(.text) refers to defsig_general.o(.text) for __default_signal_display
    defsig_cppl_inner.o(.text) refers to defsig_general.o(.text) for __default_signal_display
    defsig_segv_inner.o(.text) refers to defsig_general.o(.text) for __default_signal_display
    defsig_other.o(.text) refers to defsig_general.o(.text) for __default_signal_display


==============================================================================

Removing Unused input sections from the image.

    Removing stm32f10x_fsmc.o(.text), (1560 bytes).
    Removing core_cm3.o(.emb_text), (32 bytes).

2 unused section(s) (total 1592 bytes) removed from the image.

==============================================================================

Image Symbol Table

    Local Symbols

    Symbol Name                              Value     Ov Type        Size  Object(Section)

    ../clib/angel/boardlib.s                 0x00000000   Number         0  boardshut.o ABSOLUTE
    ../clib/angel/boardlib.s                 0x00000000   Number         0  boardinit3.o ABSOLUTE
    ../clib/angel/boardlib.s                 0x00000000   Number         0  boardinit2.o ABSOLUTE
    ../clib/angel/boardlib.s                 0x00000000   Number         0  boardinit1.o ABSOLUTE
    ../clib/angel/dczerorl2.s                0x00000000   Number         0  __dczerorl2.o ABSOLUTE
    ../clib/angel/handlers.s                 0x00000000   Number         0  __scatter_zi.o ABSOLUTE
    ../clib/angel/kernel.s                   0x00000000   Number         0  rtentry4.o ABSOLUTE
    ../clib/angel/kernel.s                   0x00000000   Number         0  rtentry.o ABSOLUTE
    ../clib/angel/kernel.s                   0x00000000   Number         0  rtexit2.o ABSOLUTE
    ../clib/angel/kernel.s                   0x00000000   Number         0  rtexit.o ABSOLUTE
    ../clib/angel/kernel.s                   0x00000000   Number         0  rtentry2.o ABSOLUTE
    ../clib/angel/rt.s                       0x00000000   Number         0  rt_raise.o ABSOLUTE
    ../clib/angel/scatter.s                  0x00000000   Number         0  __scatter.o ABSOLUTE
    ../clib/angel/startup.s                  0x00000000   Number         0  __main.o ABSOLUTE
    ../clib/angel/sys.s                      0x00000000   Number         0  sys_stackheap_outer.o ABSOLUTE
    ../clib/angel/sys.s                      0x00000000   Number         0  indicate_semi.o ABSOLUTE
    ../clib/angel/sys.s                      0x00000000   Number         0  use_no_semi.o ABSOLUTE
    ../clib/angel/sys.s                      0x00000000   Number         0  libspace.o ABSOLUTE
    ../clib/angel/sysapp.c                   0x00000000   Number         0  sys_wrch.o ABSOLUTE
    ../clib/angel/sysapp.c                   0x00000000   Number         0  sys_exit.o ABSOLUTE
    ../clib/angel/sysapp.c                   0x00000000   Number         0  sys_command.o ABSOLUTE
    ../clib/armsys.c                         0x00000000   Number         0  _get_argv_nomalloc.o ABSOLUTE
    ../clib/armsys.c                         0x00000000   Number         0  no_argv.o ABSOLUTE
    ../clib/armsys.c                         0x00000000   Number         0  argv_veneer.o ABSOLUTE
    ../clib/armsys.c                         0x00000000   Number         0  argv_veneer.o ABSOLUTE
    ../clib/heapalloc.c                      0x00000000   Number         0  hrguard.o ABSOLUTE
    ../clib/heapaux.c                        0x00000000   Number         0  heapauxi.o ABSOLUTE
    ../clib/libinit.s                        0x00000000   Number         0  libinit2.o ABSOLUTE
    ../clib/libinit.s                        0x00000000   Number         0  libinit.o ABSOLUTE
    ../clib/libinit.s                        0x00000000   Number         0  libshutdown2.o ABSOLUTE
    ../clib/libinit.s                        0x00000000   Number         0  libshutdown.o ABSOLUTE
    ../clib/memcpset.s                       0x00000000   Number         0  rt_memclr_w.o ABSOLUTE
    ../clib/signal.c                         0x00000000   Number         0  defsig_rtmem_outer.o ABSOLUTE
    ../clib/signal.c                         0x00000000   Number         0  defsig_rtmem_formal.o ABSOLUTE
    ../clib/signal.c                         0x00000000   Number         0  defsig_rtmem_inner.o ABSOLUTE
    ../clib/signal.c                         0x00000000   Number         0  defsig_exit.o ABSOLUTE
    ../clib/signal.c                         0x00000000   Number         0  __raise.o ABSOLUTE
    ../clib/signal.c                         0x00000000   Number         0  defsig_abrt_inner.o ABSOLUTE
    ../clib/signal.c                         0x00000000   Number         0  defsig_fpe_inner.o ABSOLUTE
    ../clib/signal.c                         0x00000000   Number         0  defsig_stak_inner.o ABSOLUTE
    ../clib/signal.c                         0x00000000   Number         0  defsig_rtred_inner.o ABSOLUTE
    ../clib/signal.c                         0x00000000   Number         0  defsig_cppl_inner.o ABSOLUTE
    ../clib/signal.c                         0x00000000   Number         0  defsig_segv_inner.o ABSOLUTE
    ../clib/signal.c                         0x00000000   Number         0  defsig_other.o ABSOLUTE
    ../clib/signal.c                         0x00000000   Number         0  defsig_general.o ABSOLUTE
    ../clib/signal.c                         0x00000000   Number         0  defsig_pvfn_inner.o ABSOLUTE
    ../clib/signal.s                         0x00000000   Number         0  defsig.o ABSOLUTE
    ../clib/stdlib.c                         0x00000000   Number         0  exit.o ABSOLUTE
    ../fplib/fpinit.s                        0x00000000   Number         0  fpinit.o ABSOLUTE
    ..\CMSIS\CoreSupport\core_cm3.c          0x00000000   Number         0  core_cm3.o ABSOLUTE
    ..\CMSIS\DeviceSupport\STM32F10x\startup_stm32f10x_hd.s 0x00000000   Number         0  startup_stm32f10x_hd.o ABSOLUTE
    ..\CMSIS\DeviceSupport\STM32F10x\system_stm32f10x.c 0x00000000   Number         0  system_stm32f10x.o ABSOLUTE
    ..\STM32F10x_StdPeriph_Driver\src\misc.c 0x00000000   Number         0  misc.o ABSOLUTE
    ..\STM32F10x_StdPeriph_Driver\src\stm32f10x_exti.c 0x00000000   Number         0  stm32f10x_exti.o ABSOLUTE
    ..\STM32F10x_StdPeriph_Driver\src\stm32f10x_fsmc.c 0x00000000   Number         0  stm32f10x_fsmc.o ABSOLUTE
    ..\STM32F10x_StdPeriph_Driver\src\stm32f10x_gpio.c 0x00000000   Number         0  stm32f10x_gpio.o ABSOLUTE
    ..\STM32F10x_StdPeriph_Driver\src\stm32f10x_rcc.c 0x00000000   Number         0  stm32f10x_rcc.o ABSOLUTE
    ..\STM32F10x_StdPeriph_Driver\src\stm32f10x_usart.c 0x00000000   Number         0  stm32f10x_usart.o ABSOLUTE
    ..\STM32_USB-FS-Device_Driver\src\usb_core.c 0x00000000   Number         0  usb_core.o ABSOLUTE
    ..\STM32_USB-FS-Device_Driver\src\usb_init.c 0x00000000   Number         0  usb_init.o ABSOLUTE
    ..\STM32_USB-FS-Device_Driver\src\usb_int.c 0x00000000   Number         0  usb_int.o ABSOLUTE
    ..\STM32_USB-FS-Device_Driver\src\usb_mem.c 0x00000000   Number         0  usb_mem.o ABSOLUTE
    ..\STM32_USB-FS-Device_Driver\src\usb_regs.c 0x00000000   Number         0  usb_regs.o ABSOLUTE
    ..\STM32_USB-FS-Device_Driver\src\usb_sil.c 0x00000000   Number         0  usb_sil.o ABSOLUTE
    ..\USB\src\hw_config.c                   0x00000000   Number         0  hw_config.o ABSOLUTE
    ..\USB\src\usb_desc.c                    0x00000000   Number         0  usb_desc.o ABSOLUTE
    ..\USB\src\usb_endp.c                    0x00000000   Number         0  usb_endp.o ABSOLUTE
    ..\USB\src\usb_istr.c                    0x00000000   Number         0  usb_istr.o ABSOLUTE
    ..\USB\src\usb_prop.c                    0x00000000   Number         0  usb_prop.o ABSOLUTE
    ..\USB\src\usb_pwr.c                     0x00000000   Number         0  usb_pwr.o ABSOLUTE
    ..\User\Delay.c                          0x00000000   Number         0  delay.o ABSOLUTE
    ..\User\GPIO_Init_Configuration.c        0x00000000   Number         0  gpio_init_configuration.o ABSOLUTE
    ..\User\PeripheralInit.c                 0x00000000   Number         0  peripheralinit.o ABSOLUTE
    ..\User\control.c                        0x00000000   Number         0  control.o ABSOLUTE
    ..\User\main.c                           0x00000000   Number         0  main.o ABSOLUTE
    ..\User\stm32f10x_it.c                   0x00000000   Number         0  stm32f10x_it.o ABSOLUTE
    ..\\CMSIS\\CoreSupport\\core_cm3.c       0x00000000   Number         0  core_cm3.o ABSOLUTE
    dc.s                                     0x00000000   Number         0  dc.o ABSOLUTE
    RESET                                    0x08000000   Section      304  startup_stm32f10x_hd.o(RESET)
    !!!main                                  0x08000130   Section        8  __main.o(!!!main)
    !!!scatter                               0x08000138   Section       52  __scatter.o(!!!scatter)
    !!dczerorl2                              0x0800016c   Section       90  __dczerorl2.o(!!dczerorl2)
    !!handler_zi                             0x080001c8   Section       28  __scatter_zi.o(!!handler_zi)
    .ARM.Collect$$libinit$$00000000          0x080001e4   Section        2  libinit.o(.ARM.Collect$$libinit$$00000000)
    .ARM.Collect$$libinit$$00000002          0x080001e6   Section        0  libinit2.o(.ARM.Collect$$libinit$$00000002)
    .ARM.Collect$$libinit$$00000008          0x080001e6   Section        0  libinit2.o(.ARM.Collect$$libinit$$00000008)
    .ARM.Collect$$libinit$$0000000A          0x080001e6   Section        0  libinit2.o(.ARM.Collect$$libinit$$0000000A)
    .ARM.Collect$$libinit$$0000000C          0x080001e6   Section        0  libinit2.o(.ARM.Collect$$libinit$$0000000C)
    .ARM.Collect$$libinit$$0000000F          0x080001e6   Section        0  libinit2.o(.ARM.Collect$$libinit$$0000000F)
    .ARM.Collect$$libinit$$00000011          0x080001e6   Section        0  libinit2.o(.ARM.Collect$$libinit$$00000011)
    .ARM.Collect$$libinit$$00000013          0x080001e6   Section        0  libinit2.o(.ARM.Collect$$libinit$$00000013)
    .ARM.Collect$$libinit$$00000015          0x080001e6   Section        0  libinit2.o(.ARM.Collect$$libinit$$00000015)
    .ARM.Collect$$libinit$$00000017          0x080001e6   Section        0  libinit2.o(.ARM.Collect$$libinit$$00000017)
    .ARM.Collect$$libinit$$00000019          0x080001e6   Section        0  libinit2.o(.ARM.Collect$$libinit$$00000019)
    .ARM.Collect$$libinit$$0000001B          0x080001e6   Section        0  libinit2.o(.ARM.Collect$$libinit$$0000001B)
    .ARM.Collect$$libinit$$0000001D          0x080001e6   Section        0  libinit2.o(.ARM.Collect$$libinit$$0000001D)
    .ARM.Collect$$libinit$$0000001F          0x080001e6   Section        0  libinit2.o(.ARM.Collect$$libinit$$0000001F)
    .ARM.Collect$$libinit$$00000021          0x080001e6   Section        0  libinit2.o(.ARM.Collect$$libinit$$00000021)
    .ARM.Collect$$libinit$$00000023          0x080001e6   Section        0  libinit2.o(.ARM.Collect$$libinit$$00000023)
    .ARM.Collect$$libinit$$0000002A          0x080001e6   Section        0  libinit2.o(.ARM.Collect$$libinit$$0000002A)
    .ARM.Collect$$libinit$$0000002C          0x080001e6   Section        0  libinit2.o(.ARM.Collect$$libinit$$0000002C)
    .ARM.Collect$$libinit$$0000002E          0x080001e6   Section        0  libinit2.o(.ARM.Collect$$libinit$$0000002E)
    .ARM.Collect$$libinit$$00000030          0x080001e6   Section        0  libinit2.o(.ARM.Collect$$libinit$$00000030)
    .ARM.Collect$$libinit$$00000031          0x080001e6   Section        2  libinit2.o(.ARM.Collect$$libinit$$00000031)
    .ARM.Collect$$libshutdown$$00000000      0x080001e8   Section        2  libshutdown.o(.ARM.Collect$$libshutdown$$00000000)
    .ARM.Collect$$libshutdown$$00000003      0x080001ea   Section        0  libshutdown2.o(.ARM.Collect$$libshutdown$$00000003)
    .ARM.Collect$$libshutdown$$00000006      0x080001ea   Section        0  libshutdown2.o(.ARM.Collect$$libshutdown$$00000006)
    .ARM.Collect$$libshutdown$$00000009      0x080001ea   Section        0  libshutdown2.o(.ARM.Collect$$libshutdown$$00000009)
    .ARM.Collect$$libshutdown$$0000000B      0x080001ea   Section        0  libshutdown2.o(.ARM.Collect$$libshutdown$$0000000B)
    .ARM.Collect$$libshutdown$$0000000E      0x080001ea   Section        0  libshutdown2.o(.ARM.Collect$$libshutdown$$0000000E)
    .ARM.Collect$$libshutdown$$0000000F      0x080001ea   Section        2  libshutdown2.o(.ARM.Collect$$libshutdown$$0000000F)
    .ARM.Collect$$rtentry$$00000000          0x080001ec   Section        0  rtentry.o(.ARM.Collect$$rtentry$$00000000)
    .ARM.Collect$$rtentry$$00000002          0x080001ec   Section        0  rtentry2.o(.ARM.Collect$$rtentry$$00000002)
    .ARM.Collect$$rtentry$$00000004          0x080001ec   Section        6  rtentry4.o(.ARM.Collect$$rtentry$$00000004)
    .ARM.Collect$$rtentry$$00000009          0x080001f2   Section        0  rtentry2.o(.ARM.Collect$$rtentry$$00000009)
    .ARM.Collect$$rtentry$$0000000A          0x080001f2   Section        4  rtentry2.o(.ARM.Collect$$rtentry$$0000000A)
    .ARM.Collect$$rtentry$$0000000C          0x080001f6   Section        0  rtentry2.o(.ARM.Collect$$rtentry$$0000000C)
    .ARM.Collect$$rtentry$$0000000D          0x080001f6   Section        8  rtentry2.o(.ARM.Collect$$rtentry$$0000000D)
    .ARM.Collect$$rtexit$$00000000           0x080001fe   Section        2  rtexit.o(.ARM.Collect$$rtexit$$00000000)
    .ARM.Collect$$rtexit$$00000002           0x08000200   Section        0  rtexit2.o(.ARM.Collect$$rtexit$$00000002)
    .ARM.Collect$$rtexit$$00000003           0x08000200   Section        4  rtexit2.o(.ARM.Collect$$rtexit$$00000003)
    .ARM.Collect$$rtexit$$00000004           0x08000204   Section        6  rtexit2.o(.ARM.Collect$$rtexit$$00000004)
    .text                                    0x0800020a   Section        0  main.o(.text)
    .text                                    0x08000238   Section        0  peripheralinit.o(.text)
    .text                                    0x08000278   Section        0  stm32f10x_it.o(.text)
    .text                                    0x080002d0   Section        0  delay.o(.text)
    .text                                    0x080003f0   Section        0  hw_config.o(.text)
    IntToUnicode                             0x080006dd   Thumb Code    62  hw_config.o(.text)
    .text                                    0x0800077c   Section        0  usb_endp.o(.text)
    .text                                    0x08000a60   Section        0  usb_istr.o(.text)
    .text                                    0x08000c20   Section        0  usb_prop.o(.text)
    .text                                    0x08000e64   Section        0  usb_pwr.o(.text)
    .text                                    0x08001094   Section        0  control.o(.text)
    .text                                    0x08001148   Section        0  gpio_init_configuration.o(.text)
    .text                                    0x08001260   Section        0  misc.o(.text)
    .text                                    0x0800133c   Section        0  stm32f10x_rcc.o(.text)
    .text                                    0x080016d8   Section        0  stm32f10x_gpio.o(.text)
    .text                                    0x08001a30   Section        0  stm32f10x_exti.o(.text)
    .text                                    0x08001b4c   Section        0  stm32f10x_usart.o(.text)
    .text                                    0x08001f54   Section        0  system_stm32f10x.o(.text)
    SetSysClockTo72                          0x08001f55   Thumb Code   192  system_stm32f10x.o(.text)
    SetSysClock                              0x08002015   Thumb Code     8  system_stm32f10x.o(.text)
    .text                                    0x0800211c   Section       64  startup_stm32f10x_hd.o(.text)
    .text                                    0x0800215c   Section        0  usb_core.o(.text)
    DataStageOut                             0x0800253d   Thumb Code   196  usb_core.o(.text)
    DataStageIn                              0x08002601   Thumb Code   166  usb_core.o(.text)
    NoData_Setup0                            0x080026a7   Thumb Code   288  usb_core.o(.text)
    Data_Setup0                              0x080027c7   Thumb Code   662  usb_core.o(.text)
    .text                                    0x08002c50   Section        0  usb_init.o(.text)
    .text                                    0x08002c8c   Section        0  usb_int.o(.text)
    .text                                    0x08002f7c   Section        0  usb_mem.o(.text)
    .text                                    0x08002fd8   Section        0  usb_regs.o(.text)
    .text                                    0x08003774   Section        0  usb_sil.o(.text)
    .text                                    0x080037f4   Section       78  rt_memclr_w.o(.text)
    .text                                    0x08003842   Section        0  heapauxi.o(.text)
    .text                                    0x08003848   Section       74  sys_stackheap_outer.o(.text)
    .text                                    0x08003892   Section        0  exit.o(.text)
    .text                                    0x080038a0   Section        8  libspace.o(.text)
    .text                                    0x080038a8   Section        0  sys_exit.o(.text)
    .text                                    0x080038b4   Section        2  use_no_semi.o(.text)
    .constdata                               0x080038b6   Section      171  usb_desc.o(.constdata)
    .text                                    0x080038b6   Section        0  indicate_semi.o(.text)
    .data                                    0x20000000   Section       24  hw_config.o(.data)
    .data                                    0x20000018   Section       26  usb_desc.o(.data)
    .data                                    0x20000034   Section     1212  usb_endp.o(.data)
    FrameCount                               0x200004e0   Data           4  usb_endp.o(.data)
    .data                                    0x200004f0   Section       70  usb_istr.o(.data)
    .data                                    0x20000538   Section      148  usb_prop.o(.data)
    .data                                    0x200005cc   Section       14  usb_pwr.o(.data)
    .data                                    0x200005da   Section       20  stm32f10x_rcc.o(.data)
    APBAHBPrescTable                         0x200005da   Data          16  stm32f10x_rcc.o(.data)
    ADCPrescTable                            0x200005ea   Data           4  stm32f10x_rcc.o(.data)
    .data                                    0x200005f0   Section       20  system_stm32f10x.o(.data)
    .data                                    0x20000604   Section        4  usb_core.o(.data)
    .data                                    0x20000608   Section       20  usb_init.o(.data)
    .data                                    0x2000061c   Section        4  usb_int.o(.data)
    .bss                                     0x20000620   Section     2064  hw_config.o(.bss)
    .bss                                     0x20000e30   Section       64  usb_endp.o(.bss)
    .bss                                     0x20000e70   Section       32  usb_pwr.o(.bss)
    .bss                                     0x20000e90   Section       28  usb_init.o(.bss)
    .bss                                     0x20000eac   Section       96  libspace.o(.bss)
    HEAP                                     0x20000f10   Section      512  startup_stm32f10x_hd.o(HEAP)
    Heap_Mem                                 0x20000f10   Data         512  startup_stm32f10x_hd.o(HEAP)
    STACK                                    0x20001110   Section     1024  startup_stm32f10x_hd.o(STACK)
    Stack_Mem                                0x20001110   Data        1024  startup_stm32f10x_hd.o(STACK)
    __initial_sp                             0x20001510   Data           0  startup_stm32f10x_hd.o(STACK)

    Global Symbols

    Symbol Name                              Value     Ov Type        Size  Object(Section)

    BuildAttributes$$THM_ISAv4$P$D$K$B$S$PE$A:L22UL41UL21$X:L11$S22US41US21$IEEE1$IW$USESV6$~STKCKD$USESV7$~SHL$OSPACE$ROPI$EBA8$UX$STANDARDLIB$REQ8$PRES8$EABIv2 0x00000000   Number         0  anon$$obj.o ABSOLUTE
    __ARM_use_no_argv                        0x00000000   Number         0  main.o ABSOLUTE
    __ARM_exceptions_init                     - Undefined Weak Reference
    __alloca_initialize                       - Undefined Weak Reference
    __cpp_initialize__aeabi_                  - Undefined Weak Reference
    __cxa_finalize                            - Undefined Weak Reference
    __rt_locale                               - Undefined Weak Reference
    __sigvec_lookup                           - Undefined Weak Reference
    _atexit_init                              - Undefined Weak Reference
    _call_atexit_fns                          - Undefined Weak Reference
    _clock_init                               - Undefined Weak Reference
    _fp_trap_init                             - Undefined Weak Reference
    _fp_trap_shutdown                         - Undefined Weak Reference
    _get_lc_collate                           - Undefined Weak Reference
    _get_lc_ctype                             - Undefined Weak Reference
    _get_lc_monetary                          - Undefined Weak Reference
    _get_lc_numeric                           - Undefined Weak Reference
    _get_lc_time                              - Undefined Weak Reference
    _getenv_init                              - Undefined Weak Reference
    _handle_redirection                       - Undefined Weak Reference
    _init_alloc                               - Undefined Weak Reference
    _init_user_alloc                          - Undefined Weak Reference
    _initio                                   - Undefined Weak Reference
    _rand_init                                - Undefined Weak Reference
    _signal_finish                            - Undefined Weak Reference
    _signal_init                              - Undefined Weak Reference
    _terminate_alloc                          - Undefined Weak Reference
    _terminate_user_alloc                     - Undefined Weak Reference
    _terminateio                              - Undefined Weak Reference
    __Vectors_Size                           0x00000130   Number         0  startup_stm32f10x_hd.o ABSOLUTE
    __Vectors                                0x08000000   Data           4  startup_stm32f10x_hd.o(RESET)
    __Vectors_End                            0x08000130   Data           0  startup_stm32f10x_hd.o(RESET)
    __main                                   0x08000131   Thumb Code     8  __main.o(!!!main)
    __scatterload                            0x08000139   Thumb Code     0  __scatter.o(!!!scatter)
    __scatterload_rt2                        0x08000139   Thumb Code    44  __scatter.o(!!!scatter)
    __scatterload_rt2_thumb_only             0x08000139   Thumb Code     0  __scatter.o(!!!scatter)
    __scatterload_null                       0x08000147   Thumb Code     0  __scatter.o(!!!scatter)
    __decompress                             0x0800016d   Thumb Code    90  __dczerorl2.o(!!dczerorl2)
    __decompress1                            0x0800016d   Thumb Code     0  __dczerorl2.o(!!dczerorl2)
    __scatterload_zeroinit                   0x080001c9   Thumb Code    28  __scatter_zi.o(!!handler_zi)
    __rt_lib_init                            0x080001e5   Thumb Code     0  libinit.o(.ARM.Collect$$libinit$$00000000)
    __rt_lib_init_alloca_1                   0x080001e7   Thumb Code     0  libinit2.o(.ARM.Collect$$libinit$$0000002C)
    __rt_lib_init_argv_1                     0x080001e7   Thumb Code     0  libinit2.o(.ARM.Collect$$libinit$$0000002A)
    __rt_lib_init_atexit_1                   0x080001e7   Thumb Code     0  libinit2.o(.ARM.Collect$$libinit$$00000019)
    __rt_lib_init_clock_1                    0x080001e7   Thumb Code     0  libinit2.o(.ARM.Collect$$libinit$$0000001F)
    __rt_lib_init_cpp_1                      0x080001e7   Thumb Code     0  libinit2.o(.ARM.Collect$$libinit$$00000030)
    __rt_lib_init_exceptions_1               0x080001e7   Thumb Code     0  libinit2.o(.ARM.Collect$$libinit$$0000002E)
    __rt_lib_init_fp_1                       0x080001e7   Thumb Code     0  libinit2.o(.ARM.Collect$$libinit$$00000002)
    __rt_lib_init_fp_trap_1                  0x080001e7   Thumb Code     0  libinit2.o(.ARM.Collect$$libinit$$0000001D)
    __rt_lib_init_getenv_1                   0x080001e7   Thumb Code     0  libinit2.o(.ARM.Collect$$libinit$$00000021)
    __rt_lib_init_heap_1                     0x080001e7   Thumb Code     0  libinit2.o(.ARM.Collect$$libinit$$00000008)
    __rt_lib_init_lc_collate_1               0x080001e7   Thumb Code     0  libinit2.o(.ARM.Collect$$libinit$$0000000F)
    __rt_lib_init_lc_ctype_1                 0x080001e7   Thumb Code     0  libinit2.o(.ARM.Collect$$libinit$$00000011)
    __rt_lib_init_lc_monetary_1              0x080001e7   Thumb Code     0  libinit2.o(.ARM.Collect$$libinit$$00000013)
    __rt_lib_init_lc_numeric_1               0x080001e7   Thumb Code     0  libinit2.o(.ARM.Collect$$libinit$$00000015)
    __rt_lib_init_lc_time_1                  0x080001e7   Thumb Code     0  libinit2.o(.ARM.Collect$$libinit$$00000017)
    __rt_lib_init_rand_1                     0x080001e7   Thumb Code     0  libinit2.o(.ARM.Collect$$libinit$$0000000C)
    __rt_lib_init_return                     0x080001e7   Thumb Code     0  libinit2.o(.ARM.Collect$$libinit$$00000031)
    __rt_lib_init_signal_1                   0x080001e7   Thumb Code     0  libinit2.o(.ARM.Collect$$libinit$$0000001B)
    __rt_lib_init_stdio_1                    0x080001e7   Thumb Code     0  libinit2.o(.ARM.Collect$$libinit$$00000023)
    __rt_lib_init_user_alloc_1               0x080001e7   Thumb Code     0  libinit2.o(.ARM.Collect$$libinit$$0000000A)
    __rt_lib_shutdown                        0x080001e9   Thumb Code     0  libshutdown.o(.ARM.Collect$$libshutdown$$00000000)
    __rt_lib_shutdown_fp_trap_1              0x080001eb   Thumb Code     0  libshutdown2.o(.ARM.Collect$$libshutdown$$00000006)
    __rt_lib_shutdown_heap_1                 0x080001eb   Thumb Code     0  libshutdown2.o(.ARM.Collect$$libshutdown$$0000000E)
    __rt_lib_shutdown_return                 0x080001eb   Thumb Code     0  libshutdown2.o(.ARM.Collect$$libshutdown$$0000000F)
    __rt_lib_shutdown_signal_1               0x080001eb   Thumb Code     0  libshutdown2.o(.ARM.Collect$$libshutdown$$00000009)
    __rt_lib_shutdown_stdio_1                0x080001eb   Thumb Code     0  libshutdown2.o(.ARM.Collect$$libshutdown$$00000003)
    __rt_lib_shutdown_user_alloc_1           0x080001eb   Thumb Code     0  libshutdown2.o(.ARM.Collect$$libshutdown$$0000000B)
    __rt_entry                               0x080001ed   Thumb Code     0  rtentry.o(.ARM.Collect$$rtentry$$00000000)
    __rt_entry_presh_1                       0x080001ed   Thumb Code     0  rtentry2.o(.ARM.Collect$$rtentry$$00000002)
    __rt_entry_sh                            0x080001ed   Thumb Code     0  rtentry4.o(.ARM.Collect$$rtentry$$00000004)
    __rt_entry_li                            0x080001f3   Thumb Code     0  rtentry2.o(.ARM.Collect$$rtentry$$0000000A)
    __rt_entry_postsh_1                      0x080001f3   Thumb Code     0  rtentry2.o(.ARM.Collect$$rtentry$$00000009)
    __rt_entry_main                          0x080001f7   Thumb Code     0  rtentry2.o(.ARM.Collect$$rtentry$$0000000D)
    __rt_entry_postli_1                      0x080001f7   Thumb Code     0  rtentry2.o(.ARM.Collect$$rtentry$$0000000C)
    __rt_exit                                0x080001ff   Thumb Code     0  rtexit.o(.ARM.Collect$$rtexit$$00000000)
    __rt_exit_ls                             0x08000201   Thumb Code     0  rtexit2.o(.ARM.Collect$$rtexit$$00000003)
    __rt_exit_prels_1                        0x08000201   Thumb Code     0  rtexit2.o(.ARM.Collect$$rtexit$$00000002)
    __rt_exit_exit                           0x08000205   Thumb Code     0  rtexit2.o(.ARM.Collect$$rtexit$$00000004)
    USB_Send_string                          0x0800020b   Thumb Code    38  main.o(.text)
    main                                     0x08000231   Thumb Code     8  main.o(.text)
    PeripheralInit                           0x08000239   Thumb Code    58  peripheralinit.o(.text)
    NMI_Handler                              0x08000279   Thumb Code     2  stm32f10x_it.o(.text)
    HardFault_Handler                        0x0800027b   Thumb Code     4  stm32f10x_it.o(.text)
    MemManage_Handler                        0x0800027f   Thumb Code     4  stm32f10x_it.o(.text)
    BusFault_Handler                         0x08000283   Thumb Code     4  stm32f10x_it.o(.text)
    UsageFault_Handler                       0x08000287   Thumb Code     4  stm32f10x_it.o(.text)
    SVC_Handler                              0x0800028b   Thumb Code     2  stm32f10x_it.o(.text)
    DebugMon_Handler                         0x0800028d   Thumb Code     2  stm32f10x_it.o(.text)
    PendSV_Handler                           0x0800028f   Thumb Code     2  stm32f10x_it.o(.text)
    SysTick_Handler                          0x08000291   Thumb Code     2  stm32f10x_it.o(.text)
    USB_LP_CAN1_RX0_IRQHandler               0x08000293   Thumb Code     8  stm32f10x_it.o(.text)
    USART1_IRQHandler                        0x0800029b   Thumb Code    36  stm32f10x_it.o(.text)
    USBWakeUp_IRQHandler                     0x080002bf   Thumb Code    12  stm32f10x_it.o(.text)
    TimingDelay_Decrement                    0x080002d1   Thumb Code     2  delay.o(.text)
    Delay_ns                                 0x080002d3   Thumb Code    12  delay.o(.text)
    Delay_1us                                0x080002df   Thumb Code    26  delay.o(.text)
    Delay_2us                                0x080002f9   Thumb Code    26  delay.o(.text)
    Delay_10us                               0x08000313   Thumb Code    36  delay.o(.text)
    Delay_250us                              0x08000337   Thumb Code    36  delay.o(.text)
    Delay_882us                              0x0800035b   Thumb Code    26  delay.o(.text)
    Delay_1ms                                0x08000375   Thumb Code    36  delay.o(.text)
    Delay_5ms                                0x08000399   Thumb Code    38  delay.o(.text)
    Delay_50ms                               0x080003bf   Thumb Code    40  delay.o(.text)
    Delay                                    0x080003e7   Thumb Code    10  delay.o(.text)
    Set_System                               0x080003f1   Thumb Code    34  hw_config.o(.text)
    Set_USBClock                             0x08000413   Thumb Code    18  hw_config.o(.text)
    Enter_LowPowerMode                       0x08000425   Thumb Code     8  hw_config.o(.text)
    Leave_LowPowerMode                       0x0800042d   Thumb Code    28  hw_config.o(.text)
    USB_Interrupts_Config                    0x08000449   Thumb Code    78  hw_config.o(.text)
    USB_Cable_Config                         0x08000497   Thumb Code    30  hw_config.o(.text)
    USART_Config_Default                     0x080004b5   Thumb Code    50  hw_config.o(.text)
    USART_Config                             0x080004e7   Thumb Code   192  hw_config.o(.text)
    USB_To_USART_Send_Data                   0x080005a7   Thumb Code    40  hw_config.o(.text)
    Handle_USBAsynchXfer                     0x080005cf   Thumb Code   192  hw_config.o(.text)
    USART_To_USB_Send_Data                   0x0800068f   Thumb Code    78  hw_config.o(.text)
    Get_SerialNum                            0x0800071b   Thumb Code    42  hw_config.o(.text)
    EP1_IN_Callback                          0x0800077d   Thumb Code   122  usb_endp.o(.text)
    Instruction_Decoding                     0x080007f7   Thumb Code    80  usb_endp.o(.text)
    Resistance_Change                        0x08000847   Thumb Code   122  usb_endp.o(.text)
    Message_compile                          0x080008c1   Thumb Code    94  usb_endp.o(.text)
    Message_error                            0x0800091f   Thumb Code    24  usb_endp.o(.text)
    Message_len                              0x08000937   Thumb Code    26  usb_endp.o(.text)
    EP3_OUT_Callback                         0x08000951   Thumb Code   182  usb_endp.o(.text)
    SOF_Callback                             0x08000a07   Thumb Code    38  usb_endp.o(.text)
    USB_Istr                                 0x08000a61   Thumb Code   414  usb_istr.o(.text)
    Virtual_Com_Port_init                    0x08000c21   Thumb Code    34  usb_prop.o(.text)
    Virtual_Com_Port_Reset                   0x08000c43   Thumb Code   216  usb_prop.o(.text)
    Virtual_Com_Port_SetConfiguration        0x08000d1b   Thumb Code    14  usb_prop.o(.text)
    Virtual_Com_Port_SetDeviceAddress        0x08000d29   Thumb Code     8  usb_prop.o(.text)
    Virtual_Com_Port_Status_In               0x08000d31   Thumb Code    22  usb_prop.o(.text)
    Virtual_Com_Port_Status_Out              0x08000d47   Thumb Code     2  usb_prop.o(.text)
    Virtual_Com_Port_SetLineCoding           0x08000d49   Thumb Code    20  usb_prop.o(.text)
    Virtual_Com_Port_GetLineCoding           0x08000d5d   Thumb Code    20  usb_prop.o(.text)
    Virtual_Com_Port_Data_Setup              0x08000d71   Thumb Code    86  usb_prop.o(.text)
    Virtual_Com_Port_NoData_Setup            0x08000dc7   Thumb Code    36  usb_prop.o(.text)
    Virtual_Com_Port_GetDeviceDescriptor     0x08000deb   Thumb Code    14  usb_prop.o(.text)
    Virtual_Com_Port_GetConfigDescriptor     0x08000df9   Thumb Code    14  usb_prop.o(.text)
    Virtual_Com_Port_GetStringDescriptor     0x08000e07   Thumb Code    32  usb_prop.o(.text)
    Virtual_Com_Port_Get_Interface_Setting   0x08000e27   Thumb Code    22  usb_prop.o(.text)
    PowerOn                                  0x08000e65   Thumb Code    54  usb_pwr.o(.text)
    PowerOff                                 0x08000e9b   Thumb Code    28  usb_pwr.o(.text)
    Suspend                                  0x08000eb7   Thumb Code   224  usb_pwr.o(.text)
    Resume_Init                              0x08000f97   Thumb Code    30  usb_pwr.o(.text)
    Resume                                   0x08000fb5   Thumb Code   194  usb_pwr.o(.text)
    UP_024                                   0x08001095   Thumb Code    44  control.o(.text)
    DOWN_024                                 0x080010c1   Thumb Code    44  control.o(.text)
    UP_135                                   0x080010ed   Thumb Code    44  control.o(.text)
    DOWN_135                                 0x08001119   Thumb Code    44  control.o(.text)
    GPIO_Init_Configuration                  0x08001149   Thumb Code   272  gpio_init_configuration.o(.text)
    NVIC_PriorityGroupConfig                 0x08001261   Thumb Code    10  misc.o(.text)
    NVIC_Init                                0x0800126b   Thumb Code   102  misc.o(.text)
    NVIC_SetVectorTable                      0x080012d1   Thumb Code    14  misc.o(.text)
    NVIC_SystemLPConfig                      0x080012df   Thumb Code    34  misc.o(.text)
    SysTick_CLKSourceConfig                  0x08001301   Thumb Code    40  misc.o(.text)
    RCC_DeInit                               0x0800133d   Thumb Code    64  stm32f10x_rcc.o(.text)
    RCC_HSEConfig                            0x0800137d   Thumb Code    70  stm32f10x_rcc.o(.text)
    RCC_GetFlagStatus                        0x080013c3   Thumb Code    56  stm32f10x_rcc.o(.text)
    RCC_WaitForHSEStartUp                    0x080013fb   Thumb Code    48  stm32f10x_rcc.o(.text)
    RCC_AdjustHSICalibrationValue            0x0800142b   Thumb Code    20  stm32f10x_rcc.o(.text)
    RCC_HSICmd                               0x0800143f   Thumb Code     6  stm32f10x_rcc.o(.text)
    RCC_PLLConfig                            0x08001445   Thumb Code    24  stm32f10x_rcc.o(.text)
    RCC_PLLCmd                               0x0800145d   Thumb Code     6  stm32f10x_rcc.o(.text)
    RCC_SYSCLKConfig                         0x08001463   Thumb Code    18  stm32f10x_rcc.o(.text)
    RCC_GetSYSCLKSource                      0x08001475   Thumb Code    10  stm32f10x_rcc.o(.text)
    RCC_HCLKConfig                           0x0800147f   Thumb Code    18  stm32f10x_rcc.o(.text)
    RCC_PCLK1Config                          0x08001491   Thumb Code    18  stm32f10x_rcc.o(.text)
    RCC_PCLK2Config                          0x080014a3   Thumb Code    20  stm32f10x_rcc.o(.text)
    RCC_ITConfig                             0x080014b7   Thumb Code    26  stm32f10x_rcc.o(.text)
    RCC_USBCLKConfig                         0x080014d1   Thumb Code     6  stm32f10x_rcc.o(.text)
    RCC_ADCCLKConfig                         0x080014d7   Thumb Code    18  stm32f10x_rcc.o(.text)
    RCC_LSEConfig                            0x080014e9   Thumb Code    44  stm32f10x_rcc.o(.text)
    RCC_LSICmd                               0x08001515   Thumb Code     6  stm32f10x_rcc.o(.text)
    RCC_RTCCLKConfig                         0x0800151b   Thumb Code    12  stm32f10x_rcc.o(.text)
    RCC_RTCCLKCmd                            0x08001527   Thumb Code     8  stm32f10x_rcc.o(.text)
    RCC_GetClocksFreq                        0x0800152f   Thumb Code   192  stm32f10x_rcc.o(.text)
    RCC_AHBPeriphClockCmd                    0x080015ef   Thumb Code    26  stm32f10x_rcc.o(.text)
    RCC_APB2PeriphClockCmd                   0x08001609   Thumb Code    26  stm32f10x_rcc.o(.text)
    RCC_APB1PeriphClockCmd                   0x08001623   Thumb Code    26  stm32f10x_rcc.o(.text)
    RCC_APB2PeriphResetCmd                   0x0800163d   Thumb Code    26  stm32f10x_rcc.o(.text)
    RCC_APB1PeriphResetCmd                   0x08001657   Thumb Code    26  stm32f10x_rcc.o(.text)
    RCC_BackupResetCmd                       0x08001671   Thumb Code     8  stm32f10x_rcc.o(.text)
    RCC_ClockSecuritySystemCmd               0x08001679   Thumb Code     6  stm32f10x_rcc.o(.text)
    RCC_MCOConfig                            0x0800167f   Thumb Code     6  stm32f10x_rcc.o(.text)
    RCC_ClearFlag                            0x08001685   Thumb Code    14  stm32f10x_rcc.o(.text)
    RCC_GetITStatus                          0x08001693   Thumb Code    20  stm32f10x_rcc.o(.text)
    RCC_ClearITPendingBit                    0x080016a7   Thumb Code     6  stm32f10x_rcc.o(.text)
    GPIO_DeInit                              0x080016d9   Thumb Code   172  stm32f10x_gpio.o(.text)
    GPIO_AFIODeInit                          0x08001785   Thumb Code    20  stm32f10x_gpio.o(.text)
    GPIO_Init                                0x08001799   Thumb Code   274  stm32f10x_gpio.o(.text)
    GPIO_StructInit                          0x080018ab   Thumb Code    16  stm32f10x_gpio.o(.text)
    GPIO_ReadInputDataBit                    0x080018bb   Thumb Code    18  stm32f10x_gpio.o(.text)
    GPIO_ReadInputData                       0x080018cd   Thumb Code     8  stm32f10x_gpio.o(.text)
    GPIO_ReadOutputDataBit                   0x080018d5   Thumb Code    18  stm32f10x_gpio.o(.text)
    GPIO_ReadOutputData                      0x080018e7   Thumb Code     8  stm32f10x_gpio.o(.text)
    GPIO_SetBits                             0x080018ef   Thumb Code     4  stm32f10x_gpio.o(.text)
    GPIO_ResetBits                           0x080018f3   Thumb Code     4  stm32f10x_gpio.o(.text)
    GPIO_WriteBit                            0x080018f7   Thumb Code    10  stm32f10x_gpio.o(.text)
    GPIO_Write                               0x08001901   Thumb Code     4  stm32f10x_gpio.o(.text)
    GPIO_PinLockConfig                       0x08001905   Thumb Code    18  stm32f10x_gpio.o(.text)
    GPIO_EventOutputConfig                   0x08001917   Thumb Code    26  stm32f10x_gpio.o(.text)
    GPIO_EventOutputCmd                      0x08001931   Thumb Code     6  stm32f10x_gpio.o(.text)
    GPIO_PinRemapConfig                      0x08001937   Thumb Code   138  stm32f10x_gpio.o(.text)
    GPIO_EXTILineConfig                      0x080019c1   Thumb Code    66  stm32f10x_gpio.o(.text)
    GPIO_ETH_MediaInterfaceConfig            0x08001a03   Thumb Code     6  stm32f10x_gpio.o(.text)
    EXTI_DeInit                              0x08001a31   Thumb Code    28  stm32f10x_exti.o(.text)
    EXTI_Init                                0x08001a4d   Thumb Code   142  stm32f10x_exti.o(.text)
    EXTI_StructInit                          0x08001adb   Thumb Code    16  stm32f10x_exti.o(.text)
    EXTI_GenerateSWInterrupt                 0x08001aeb   Thumb Code    16  stm32f10x_exti.o(.text)
    EXTI_GetFlagStatus                       0x08001afb   Thumb Code    22  stm32f10x_exti.o(.text)
    EXTI_ClearFlag                           0x08001b11   Thumb Code     8  stm32f10x_exti.o(.text)
    EXTI_GetITStatus                         0x08001b19   Thumb Code    34  stm32f10x_exti.o(.text)
    EXTI_ClearITPendingBit                   0x08001b3b   Thumb Code     8  stm32f10x_exti.o(.text)
    USART_DeInit                             0x08001b4d   Thumb Code   134  stm32f10x_usart.o(.text)
    USART_Init                               0x08001bd3   Thumb Code   210  stm32f10x_usart.o(.text)
    USART_StructInit                         0x08001ca5   Thumb Code    24  stm32f10x_usart.o(.text)
    USART_ClockInit                          0x08001cbd   Thumb Code    34  stm32f10x_usart.o(.text)
    USART_ClockStructInit                    0x08001cdf   Thumb Code    12  stm32f10x_usart.o(.text)
    USART_Cmd                                0x08001ceb   Thumb Code    24  stm32f10x_usart.o(.text)
    USART_ITConfig                           0x08001d03   Thumb Code    74  stm32f10x_usart.o(.text)
    USART_DMACmd                             0x08001d4d   Thumb Code    18  stm32f10x_usart.o(.text)
    USART_SetAddress                         0x08001d5f   Thumb Code    18  stm32f10x_usart.o(.text)
    USART_WakeUpConfig                       0x08001d71   Thumb Code    18  stm32f10x_usart.o(.text)
    USART_ReceiverWakeUpCmd                  0x08001d83   Thumb Code    24  stm32f10x_usart.o(.text)
    USART_LINBreakDetectLengthConfig         0x08001d9b   Thumb Code    18  stm32f10x_usart.o(.text)
    USART_LINCmd                             0x08001dad   Thumb Code    24  stm32f10x_usart.o(.text)
    USART_SendData                           0x08001dc5   Thumb Code     8  stm32f10x_usart.o(.text)
    USART_ReceiveData                        0x08001dcd   Thumb Code    10  stm32f10x_usart.o(.text)
    USART_SendBreak                          0x08001dd7   Thumb Code    10  stm32f10x_usart.o(.text)
    USART_SetGuardTime                       0x08001de1   Thumb Code    16  stm32f10x_usart.o(.text)
    USART_SetPrescaler                       0x08001df1   Thumb Code    16  stm32f10x_usart.o(.text)
    USART_SmartCardCmd                       0x08001e01   Thumb Code    24  stm32f10x_usart.o(.text)
    USART_SmartCardNACKCmd                   0x08001e19   Thumb Code    24  stm32f10x_usart.o(.text)
    USART_HalfDuplexCmd                      0x08001e31   Thumb Code    24  stm32f10x_usart.o(.text)
    USART_OverSampling8Cmd                   0x08001e49   Thumb Code    22  stm32f10x_usart.o(.text)
    USART_OneBitMethodCmd                    0x08001e5f   Thumb Code    24  stm32f10x_usart.o(.text)
    USART_IrDAConfig                         0x08001e77   Thumb Code    18  stm32f10x_usart.o(.text)
    USART_IrDACmd                            0x08001e89   Thumb Code    24  stm32f10x_usart.o(.text)
    USART_GetFlagStatus                      0x08001ea1   Thumb Code    26  stm32f10x_usart.o(.text)
    USART_ClearFlag                          0x08001ebb   Thumb Code    18  stm32f10x_usart.o(.text)
    USART_GetITStatus                        0x08001ecd   Thumb Code    84  stm32f10x_usart.o(.text)
    USART_ClearITPendingBit                  0x08001f21   Thumb Code    52  stm32f10x_usart.o(.text)
    SystemInit                               0x0800201d   Thumb Code    78  system_stm32f10x.o(.text)
    SystemCoreClockUpdate                    0x0800206b   Thumb Code   142  system_stm32f10x.o(.text)
    Reset_Handler                            0x0800211d   Thumb Code     8  startup_stm32f10x_hd.o(.text)
    ADC1_2_IRQHandler                        0x08002137   Thumb Code     0  startup_stm32f10x_hd.o(.text)
    ADC3_IRQHandler                          0x08002137   Thumb Code     0  startup_stm32f10x_hd.o(.text)
    CAN1_RX1_IRQHandler                      0x08002137   Thumb Code     0  startup_stm32f10x_hd.o(.text)
    CAN1_SCE_IRQHandler                      0x08002137   Thumb Code     0  startup_stm32f10x_hd.o(.text)
    DMA1_Channel1_IRQHandler                 0x08002137   Thumb Code     0  startup_stm32f10x_hd.o(.text)
    DMA1_Channel2_IRQHandler                 0x08002137   Thumb Code     0  startup_stm32f10x_hd.o(.text)
    DMA1_Channel3_IRQHandler                 0x08002137   Thumb Code     0  startup_stm32f10x_hd.o(.text)
    DMA1_Channel4_IRQHandler                 0x08002137   Thumb Code     0  startup_stm32f10x_hd.o(.text)
    DMA1_Channel5_IRQHandler                 0x08002137   Thumb Code     0  startup_stm32f10x_hd.o(.text)
    DMA1_Channel6_IRQHandler                 0x08002137   Thumb Code     0  startup_stm32f10x_hd.o(.text)
    DMA1_Channel7_IRQHandler                 0x08002137   Thumb Code     0  startup_stm32f10x_hd.o(.text)
    DMA2_Channel1_IRQHandler                 0x08002137   Thumb Code     0  startup_stm32f10x_hd.o(.text)
    DMA2_Channel2_IRQHandler                 0x08002137   Thumb Code     0  startup_stm32f10x_hd.o(.text)
    DMA2_Channel3_IRQHandler                 0x08002137   Thumb Code     0  startup_stm32f10x_hd.o(.text)
    DMA2_Channel4_5_IRQHandler               0x08002137   Thumb Code     0  startup_stm32f10x_hd.o(.text)
    EXTI0_IRQHandler                         0x08002137   Thumb Code     0  startup_stm32f10x_hd.o(.text)
    EXTI15_10_IRQHandler                     0x08002137   Thumb Code     0  startup_stm32f10x_hd.o(.text)
    EXTI1_IRQHandler                         0x08002137   Thumb Code     0  startup_stm32f10x_hd.o(.text)
    EXTI2_IRQHandler                         0x08002137   Thumb Code     0  startup_stm32f10x_hd.o(.text)
    EXTI3_IRQHandler                         0x08002137   Thumb Code     0  startup_stm32f10x_hd.o(.text)
    EXTI4_IRQHandler                         0x08002137   Thumb Code     0  startup_stm32f10x_hd.o(.text)
    EXTI9_5_IRQHandler                       0x08002137   Thumb Code     0  startup_stm32f10x_hd.o(.text)
    FLASH_IRQHandler                         0x08002137   Thumb Code     0  startup_stm32f10x_hd.o(.text)
    FSMC_IRQHandler                          0x08002137   Thumb Code     0  startup_stm32f10x_hd.o(.text)
    I2C1_ER_IRQHandler                       0x08002137   Thumb Code     0  startup_stm32f10x_hd.o(.text)
    I2C1_EV_IRQHandler                       0x08002137   Thumb Code     0  startup_stm32f10x_hd.o(.text)
    I2C2_ER_IRQHandler                       0x08002137   Thumb Code     0  startup_stm32f10x_hd.o(.text)
    I2C2_EV_IRQHandler                       0x08002137   Thumb Code     0  startup_stm32f10x_hd.o(.text)
    PVD_IRQHandler                           0x08002137   Thumb Code     0  startup_stm32f10x_hd.o(.text)
    RCC_IRQHandler                           0x08002137   Thumb Code     0  startup_stm32f10x_hd.o(.text)
    RTCAlarm_IRQHandler                      0x08002137   Thumb Code     0  startup_stm32f10x_hd.o(.text)
    RTC_IRQHandler                           0x08002137   Thumb Code     0  startup_stm32f10x_hd.o(.text)
    SDIO_IRQHandler                          0x08002137   Thumb Code     0  startup_stm32f10x_hd.o(.text)
    SPI1_IRQHandler                          0x08002137   Thumb Code     0  startup_stm32f10x_hd.o(.text)
    SPI2_IRQHandler                          0x08002137   Thumb Code     0  startup_stm32f10x_hd.o(.text)
    SPI3_IRQHandler                          0x08002137   Thumb Code     0  startup_stm32f10x_hd.o(.text)
    TAMPER_IRQHandler                        0x08002137   Thumb Code     0  startup_stm32f10x_hd.o(.text)
    TIM1_BRK_IRQHandler                      0x08002137   Thumb Code     0  startup_stm32f10x_hd.o(.text)
    TIM1_CC_IRQHandler                       0x08002137   Thumb Code     0  startup_stm32f10x_hd.o(.text)
    TIM1_TRG_COM_IRQHandler                  0x08002137   Thumb Code     0  startup_stm32f10x_hd.o(.text)
    TIM1_UP_IRQHandler                       0x08002137   Thumb Code     0  startup_stm32f10x_hd.o(.text)
    TIM2_IRQHandler                          0x08002137   Thumb Code     0  startup_stm32f10x_hd.o(.text)
    TIM3_IRQHandler                          0x08002137   Thumb Code     0  startup_stm32f10x_hd.o(.text)
    TIM4_IRQHandler                          0x08002137   Thumb Code     0  startup_stm32f10x_hd.o(.text)
    TIM5_IRQHandler                          0x08002137   Thumb Code     0  startup_stm32f10x_hd.o(.text)
    TIM6_IRQHandler                          0x08002137   Thumb Code     0  startup_stm32f10x_hd.o(.text)
    TIM7_IRQHandler                          0x08002137   Thumb Code     0  startup_stm32f10x_hd.o(.text)
    TIM8_BRK_IRQHandler                      0x08002137   Thumb Code     0  startup_stm32f10x_hd.o(.text)
    TIM8_CC_IRQHandler                       0x08002137   Thumb Code     0  startup_stm32f10x_hd.o(.text)
    TIM8_TRG_COM_IRQHandler                  0x08002137   Thumb Code     0  startup_stm32f10x_hd.o(.text)
    TIM8_UP_IRQHandler                       0x08002137   Thumb Code     0  startup_stm32f10x_hd.o(.text)
    UART4_IRQHandler                         0x08002137   Thumb Code     0  startup_stm32f10x_hd.o(.text)
    UART5_IRQHandler                         0x08002137   Thumb Code     0  startup_stm32f10x_hd.o(.text)
    USART2_IRQHandler                        0x08002137   Thumb Code     0  startup_stm32f10x_hd.o(.text)
    USART3_IRQHandler                        0x08002137   Thumb Code     0  startup_stm32f10x_hd.o(.text)
    USB_HP_CAN1_TX_IRQHandler                0x08002137   Thumb Code     0  startup_stm32f10x_hd.o(.text)
    WWDG_IRQHandler                          0x08002137   Thumb Code     0  startup_stm32f10x_hd.o(.text)
    __user_initial_stackheap                 0x08002139   Thumb Code     0  startup_stm32f10x_hd.o(.text)
    Standard_GetConfiguration                0x0800215d   Thumb Code    34  usb_core.o(.text)
    Standard_SetConfiguration                0x0800217f   Thumb Code    60  usb_core.o(.text)
    Standard_GetInterface                    0x080021bb   Thumb Code    34  usb_core.o(.text)
    Standard_SetInterface                    0x080021dd   Thumb Code    96  usb_core.o(.text)
    Standard_GetStatus                       0x0800223d   Thumb Code   230  usb_core.o(.text)
    Standard_ClearFeature                    0x08002323   Thumb Code   308  usb_core.o(.text)
    Standard_SetEndPointFeature              0x08002457   Thumb Code   168  usb_core.o(.text)
    Standard_SetDeviceFeature                0x080024ff   Thumb Code    30  usb_core.o(.text)
    Standard_GetDescriptorData               0x0800251d   Thumb Code    32  usb_core.o(.text)
    Post0_Process                            0x08002a5d   Thumb Code    54  usb_core.o(.text)
    Setup0_Process                           0x08002a93   Thumb Code   170  usb_core.o(.text)
    SetDeviceAddress                         0x08002b3d   Thumb Code    66  usb_core.o(.text)
    In0_Process                              0x08002b7f   Thumb Code    98  usb_core.o(.text)
    Out0_Process                             0x08002be1   Thumb Code    70  usb_core.o(.text)
    NOP_Process                              0x08002c27   Thumb Code     2  usb_core.o(.text)
    USB_Init                                 0x08002c51   Thumb Code    36  usb_init.o(.text)
    CTR_LP                                   0x08002c8d   Thumb Code   566  usb_int.o(.text)
    CTR_HP                                   0x08002ec3   Thumb Code   156  usb_int.o(.text)
    UserToPMABufferCopy                      0x08002f7d   Thumb Code    52  usb_mem.o(.text)
    PMAToUserBufferCopy                      0x08002fb1   Thumb Code    34  usb_mem.o(.text)
    SetCNTR                                  0x08002fd9   Thumb Code     6  usb_regs.o(.text)
    GetCNTR                                  0x08002fdf   Thumb Code     8  usb_regs.o(.text)
    SetISTR                                  0x08002fe7   Thumb Code     8  usb_regs.o(.text)
    GetISTR                                  0x08002fef   Thumb Code    10  usb_regs.o(.text)
    GetFNR                                   0x08002ff9   Thumb Code    10  usb_regs.o(.text)
    SetDADDR                                 0x08003003   Thumb Code     8  usb_regs.o(.text)
    GetDADDR                                 0x0800300b   Thumb Code    10  usb_regs.o(.text)
    SetBTABLE                                0x08003015   Thumb Code    14  usb_regs.o(.text)
    GetBTABLE                                0x08003023   Thumb Code    10  usb_regs.o(.text)
    SetENDPOINT                              0x0800302d   Thumb Code    10  usb_regs.o(.text)
    GetENDPOINT                              0x08003037   Thumb Code    14  usb_regs.o(.text)
    SetEPType                                0x08003045   Thumb Code    26  usb_regs.o(.text)
    GetEPType                                0x0800305f   Thumb Code    16  usb_regs.o(.text)
    SetEPTxStatus                            0x0800306f   Thumb Code    56  usb_regs.o(.text)
    SetEPRxStatus                            0x080030a7   Thumb Code    56  usb_regs.o(.text)
    SetDouBleBuffEPStall                     0x080030df   Thumb Code    50  usb_regs.o(.text)
    GetEPTxStatus                            0x08003111   Thumb Code    16  usb_regs.o(.text)
    GetEPRxStatus                            0x08003121   Thumb Code    16  usb_regs.o(.text)
    SetEPTxValid                             0x08003131   Thumb Code    42  usb_regs.o(.text)
    SetEPRxValid                             0x0800315b   Thumb Code    42  usb_regs.o(.text)
    SetEP_KIND                               0x08003185   Thumb Code    34  usb_regs.o(.text)
    ClearEP_KIND                             0x080031a7   Thumb Code    30  usb_regs.o(.text)
    Clear_Status_Out                         0x080031c5   Thumb Code    30  usb_regs.o(.text)
    Set_Status_Out                           0x080031e3   Thumb Code    34  usb_regs.o(.text)
    SetEPDoubleBuff                          0x08003205   Thumb Code    34  usb_regs.o(.text)
    ClearEPDoubleBuff                        0x08003227   Thumb Code    30  usb_regs.o(.text)
    GetTxStallStatus                         0x08003245   Thumb Code    26  usb_regs.o(.text)
    GetRxStallStatus                         0x0800325f   Thumb Code    28  usb_regs.o(.text)
    ClearEP_CTR_RX                           0x0800327b   Thumb Code    28  usb_regs.o(.text)
    ClearEP_CTR_TX                           0x08003297   Thumb Code    24  usb_regs.o(.text)
    ToggleDTOG_RX                            0x080032af   Thumb Code    30  usb_regs.o(.text)
    ToggleDTOG_TX                            0x080032cd   Thumb Code    30  usb_regs.o(.text)
    ClearDTOG_RX                             0x080032eb   Thumb Code    44  usb_regs.o(.text)
    ClearDTOG_TX                             0x08003317   Thumb Code    44  usb_regs.o(.text)
    SetEPAddress                             0x08003343   Thumb Code    32  usb_regs.o(.text)
    GetEPAddress                             0x08003363   Thumb Code    16  usb_regs.o(.text)
    SetEPTxAddr                              0x08003373   Thumb Code    26  usb_regs.o(.text)
    SetEPRxAddr                              0x0800338d   Thumb Code    28  usb_regs.o(.text)
    GetEPTxAddr                              0x080033a9   Thumb Code    32  usb_regs.o(.text)
    GetEPRxAddr                              0x080033c9   Thumb Code    24  usb_regs.o(.text)
    SetEPTxCount                             0x080033e1   Thumb Code    20  usb_regs.o(.text)
    SetEPCountRxReg                          0x080033f5   Thumb Code    48  usb_regs.o(.text)
    SetEPRxCount                             0x08003425   Thumb Code    68  usb_regs.o(.text)
    GetEPTxCount                             0x08003469   Thumb Code    26  usb_regs.o(.text)
    GetEPRxCount                             0x08003483   Thumb Code    26  usb_regs.o(.text)
    SetEPDblBuffAddr                         0x0800349d   Thumb Code    44  usb_regs.o(.text)
    SetEPDblBuf0Addr                         0x080034c9   Thumb Code    24  usb_regs.o(.text)
    SetEPDblBuf1Addr                         0x080034e1   Thumb Code    26  usb_regs.o(.text)
    GetEPDblBuf0Addr                         0x080034fb   Thumb Code    22  usb_regs.o(.text)
    GetEPDblBuf1Addr                         0x08003511   Thumb Code    24  usb_regs.o(.text)
    SetEPDblBuffCount                        0x08003529   Thumb Code   186  usb_regs.o(.text)
    SetEPDblBuf0Count                        0x080035e3   Thumb Code    96  usb_regs.o(.text)
    SetEPDblBuf1Count                        0x08003643   Thumb Code    96  usb_regs.o(.text)
    GetEPDblBuf0Count                        0x080036a3   Thumb Code    26  usb_regs.o(.text)
    GetEPDblBuf1Count                        0x080036bd   Thumb Code    26  usb_regs.o(.text)
    GetEPDblBufDir                           0x080036d7   Thumb Code    62  usb_regs.o(.text)
    FreeUserBuffer                           0x08003715   Thumb Code    68  usb_regs.o(.text)
    ToWord                                   0x08003759   Thumb Code     8  usb_regs.o(.text)
    ByteSwap                                 0x08003761   Thumb Code    12  usb_regs.o(.text)
    USB_SIL_Init                             0x08003775   Thumb Code    28  usb_sil.o(.text)
    USB_SIL_Write                            0x08003791   Thumb Code    46  usb_sil.o(.text)
    USB_SIL_Read                             0x080037bf   Thumb Code    46  usb_sil.o(.text)
    __aeabi_memclr4                          0x080037f5   Thumb Code     0  rt_memclr_w.o(.text)
    __aeabi_memclr8                          0x080037f5   Thumb Code     0  rt_memclr_w.o(.text)
    __rt_memclr_w                            0x080037f5   Thumb Code    78  rt_memclr_w.o(.text)
    _memset_w                                0x080037f9   Thumb Code     0  rt_memclr_w.o(.text)
    __use_two_region_memory                  0x08003843   Thumb Code     2  heapauxi.o(.text)
    __rt_heap_escrow$2region                 0x08003845   Thumb Code     2  heapauxi.o(.text)
    __rt_heap_expand$2region                 0x08003847   Thumb Code     2  heapauxi.o(.text)
    __user_setup_stackheap                   0x08003849   Thumb Code    74  sys_stackheap_outer.o(.text)
    exit                                     0x08003893   Thumb Code    12  exit.o(.text)
    __user_libspace                          0x080038a1   Thumb Code     8  libspace.o(.text)
    __user_perproc_libspace                  0x080038a1   Thumb Code     0  libspace.o(.text)
    __user_perthread_libspace                0x080038a1   Thumb Code     0  libspace.o(.text)
    _sys_exit                                0x080038a9   Thumb Code     8  sys_exit.o(.text)
    __I$use$semihosting                      0x080038b5   Thumb Code     0  use_no_semi.o(.text)
    __use_no_semihosting_swi                 0x080038b5   Thumb Code     2  use_no_semi.o(.text)
    Virtual_Com_Port_DeviceDescriptor        0x080038b6   Data          18  usb_desc.o(.constdata)
    __semihosting_library_function           0x080038b7   Thumb Code     0  indicate_semi.o(.text)
    Virtual_Com_Port_ConfigDescriptor        0x080038c8   Data          67  usb_desc.o(.constdata)
    Virtual_Com_Port_StringLangID            0x0800390b   Data           4  usb_desc.o(.constdata)
    Virtual_Com_Port_StringVendor            0x0800390f   Data          38  usb_desc.o(.constdata)
    Virtual_Com_Port_StringProduct           0x08003935   Data          44  usb_desc.o(.constdata)
    Region$$Table$$Base                      0x08003964   Number         0  anon$$obj.o(Region$$Table)
    Region$$Table$$Limit                     0x08003984   Number         0  anon$$obj.o(Region$$Table)
    USART_Rx_ptr_in                          0x20000000   Data           4  hw_config.o(.data)
    USART_Rx_ptr_out                         0x20000004   Data           4  hw_config.o(.data)
    USART_Rx_length                          0x20000008   Data           4  hw_config.o(.data)
    USB_Tx_State                             0x2000000c   Data           1  hw_config.o(.data)
    HSEStartUpStatus                         0x2000000d   Data           1  hw_config.o(.data)
    EXTI_InitStructure                       0x20000010   Data           8  hw_config.o(.data)
    Virtual_Com_Port_StringSerial            0x20000018   Data          26  usb_desc.o(.data)
    r1                                       0x20000034   Data         596  usb_endp.o(.data)
    r2                                       0x20000288   Data         596  usb_endp.o(.data)
    Laser_Power                              0x200004dc   Data           2  usb_endp.o(.data)
    R_index                                  0x200004e4   Data           2  usb_endp.o(.data)
    Receive_Flag                             0x200004e6   Data           1  usb_endp.o(.data)
    Receive_Num                              0x200004e8   Data           2  usb_endp.o(.data)
    i                                        0x200004ea   Data           2  usb_endp.o(.data)
    temp1                                    0x200004ec   Data           2  usb_endp.o(.data)
    temp2                                    0x200004ee   Data           2  usb_endp.o(.data)
    bIntPackSOF                              0x200004f0   Data           1  usb_istr.o(.data)
    esof_counter                             0x200004f4   Data           4  usb_istr.o(.data)
    wCNTR                                    0x200004f8   Data           4  usb_istr.o(.data)
    pEpInt_IN                                0x200004fc   Data          28  usb_istr.o(.data)
    pEpInt_OUT                               0x20000518   Data          28  usb_istr.o(.data)
    wIstr                                    0x20000534   Data           2  usb_istr.o(.data)
    Request                                  0x20000538   Data           1  usb_prop.o(.data)
    linecoding                               0x2000053c   Data           8  usb_prop.o(.data)
    Device_Table                             0x20000544   Data           2  usb_prop.o(.data)
    Device_Property                          0x20000548   Data          48  usb_prop.o(.data)
    User_Standard_Requests                   0x20000578   Data          36  usb_prop.o(.data)
    Device_Descriptor                        0x2000059c   Data           8  usb_prop.o(.data)
    Config_Descriptor                        0x200005a4   Data           8  usb_prop.o(.data)
    String_Descriptor                        0x200005ac   Data          32  usb_prop.o(.data)
    bDeviceState                             0x200005cc   Data           4  usb_pwr.o(.data)
    fSuspendEnabled                          0x200005d0   Data           1  usb_pwr.o(.data)
    remotewakeupon                           0x200005d4   Data           4  usb_pwr.o(.data)
    ResumeS                                  0x200005d8   Data           2  usb_pwr.o(.data)
    SystemCoreClock                          0x200005f0   Data           4  system_stm32f10x.o(.data)
    AHBPrescTable                            0x200005f4   Data          16  system_stm32f10x.o(.data)
    Data_Mul_MaxPacketSize                   0x20000604   Data           1  usb_core.o(.data)
    StatusInfo                               0x20000606   Data           2  usb_core.o(.data)
    EPindex                                  0x20000608   Data           1  usb_init.o(.data)
    pInformation                             0x2000060c   Data           4  usb_init.o(.data)
    pProperty                                0x20000610   Data           4  usb_init.o(.data)
    SaveState                                0x20000614   Data           2  usb_init.o(.data)
    wInterrupt_Mask                          0x20000616   Data           2  usb_init.o(.data)
    pUser_Standard_Requests                  0x20000618   Data           4  usb_init.o(.data)
    SaveRState                               0x2000061c   Data           2  usb_int.o(.data)
    SaveTState                               0x2000061e   Data           2  usb_int.o(.data)
    USART_InitStructure                      0x20000620   Data          16  hw_config.o(.bss)
    USART_Rx_Buffer                          0x20000630   Data        2048  hw_config.o(.bss)
    USB_Rx_Buffer                            0x20000e30   Data          64  usb_endp.o(.bss)
    EP                                       0x20000e70   Data          32  usb_pwr.o(.bss)
    Device_Info                              0x20000e90   Data          28  usb_init.o(.bss)
    __libspace_start                         0x20000eac   Data          96  libspace.o(.bss)
    __temporary_stack_top$libspace           0x20000f0c   Data           0  libspace.o(.bss)



==============================================================================

Memory Map of the image

  Image Entry point : 0x08000131

  Load Region LR_IROM1 (Base: 0x08000000, Size: 0x00003fa4, Max: 0x00040000, ABSOLUTE, COMPRESSED[0x00003c70])

    Execution Region ER_IROM1 (Base: 0x08000000, Size: 0x00003984, Max: 0x00040000, ABSOLUTE)

    Base Addr    Size         Type   Attr      Idx    E Section Name        Object

    0x08000000   0x00000130   Data   RO          457    RESET               startup_stm32f10x_hd.o
    0x08000130   0x00000008   Code   RO          566  * !!!main             c_w.l(__main.o)
    0x08000138   0x00000034   Code   RO          722    !!!scatter          c_w.l(__scatter.o)
    0x0800016c   0x0000005a   Code   RO          720    !!dczerorl2         c_w.l(__dczerorl2.o)
    0x080001c6   0x00000002   PAD
    0x080001c8   0x0000001c   Code   RO          724    !!handler_zi        c_w.l(__scatter_zi.o)
    0x080001e4   0x00000002   Code   RO          593    .ARM.Collect$$libinit$$00000000  c_w.l(libinit.o)
    0x080001e6   0x00000000   Code   RO          600    .ARM.Collect$$libinit$$00000002  c_w.l(libinit2.o)
    0x080001e6   0x00000000   Code   RO          603    .ARM.Collect$$libinit$$00000008  c_w.l(libinit2.o)
    0x080001e6   0x00000000   Code   RO          605    .ARM.Collect$$libinit$$0000000A  c_w.l(libinit2.o)
    0x080001e6   0x00000000   Code   RO          607    .ARM.Collect$$libinit$$0000000C  c_w.l(libinit2.o)
    0x080001e6   0x00000000   Code   RO          610    .ARM.Collect$$libinit$$0000000F  c_w.l(libinit2.o)
    0x080001e6   0x00000000   Code   RO          612    .ARM.Collect$$libinit$$00000011  c_w.l(libinit2.o)
    0x080001e6   0x00000000   Code   RO          614    .ARM.Collect$$libinit$$00000013  c_w.l(libinit2.o)
    0x080001e6   0x00000000   Code   RO          616    .ARM.Collect$$libinit$$00000015  c_w.l(libinit2.o)
    0x080001e6   0x00000000   Code   RO          618    .ARM.Collect$$libinit$$00000017  c_w.l(libinit2.o)
    0x080001e6   0x00000000   Code   RO          620    .ARM.Collect$$libinit$$00000019  c_w.l(libinit2.o)
    0x080001e6   0x00000000   Code   RO          622    .ARM.Collect$$libinit$$0000001B  c_w.l(libinit2.o)
    0x080001e6   0x00000000   Code   RO          624    .ARM.Collect$$libinit$$0000001D  c_w.l(libinit2.o)
    0x080001e6   0x00000000   Code   RO          626    .ARM.Collect$$libinit$$0000001F  c_w.l(libinit2.o)
    0x080001e6   0x00000000   Code   RO          628    .ARM.Collect$$libinit$$00000021  c_w.l(libinit2.o)
    0x080001e6   0x00000000   Code   RO          630    .ARM.Collect$$libinit$$00000023  c_w.l(libinit2.o)
    0x080001e6   0x00000000   Code   RO          634    .ARM.Collect$$libinit$$0000002A  c_w.l(libinit2.o)
    0x080001e6   0x00000000   Code   RO          636    .ARM.Collect$$libinit$$0000002C  c_w.l(libinit2.o)
    0x080001e6   0x00000000   Code   RO          638    .ARM.Collect$$libinit$$0000002E  c_w.l(libinit2.o)
    0x080001e6   0x00000000   Code   RO          640    .ARM.Collect$$libinit$$00000030  c_w.l(libinit2.o)
    0x080001e6   0x00000002   Code   RO          641    .ARM.Collect$$libinit$$00000031  c_w.l(libinit2.o)
    0x080001e8   0x00000002   Code   RO          661    .ARM.Collect$$libshutdown$$00000000  c_w.l(libshutdown.o)
    0x080001ea   0x00000000   Code   RO          675    .ARM.Collect$$libshutdown$$00000003  c_w.l(libshutdown2.o)
    0x080001ea   0x00000000   Code   RO          678    .ARM.Collect$$libshutdown$$00000006  c_w.l(libshutdown2.o)
    0x080001ea   0x00000000   Code   RO          681    .ARM.Collect$$libshutdown$$00000009  c_w.l(libshutdown2.o)
    0x080001ea   0x00000000   Code   RO          683    .ARM.Collect$$libshutdown$$0000000B  c_w.l(libshutdown2.o)
    0x080001ea   0x00000000   Code   RO          686    .ARM.Collect$$libshutdown$$0000000E  c_w.l(libshutdown2.o)
    0x080001ea   0x00000002   Code   RO          687    .ARM.Collect$$libshutdown$$0000000F  c_w.l(libshutdown2.o)
    0x080001ec   0x00000000   Code   RO          568    .ARM.Collect$$rtentry$$00000000  c_w.l(rtentry.o)
    0x080001ec   0x00000000   Code   RO          570    .ARM.Collect$$rtentry$$00000002  c_w.l(rtentry2.o)
    0x080001ec   0x00000006   Code   RO          582    .ARM.Collect$$rtentry$$00000004  c_w.l(rtentry4.o)
    0x080001f2   0x00000000   Code   RO          572    .ARM.Collect$$rtentry$$00000009  c_w.l(rtentry2.o)
    0x080001f2   0x00000004   Code   RO          573    .ARM.Collect$$rtentry$$0000000A  c_w.l(rtentry2.o)
    0x080001f6   0x00000000   Code   RO          575    .ARM.Collect$$rtentry$$0000000C  c_w.l(rtentry2.o)
    0x080001f6   0x00000008   Code   RO          576    .ARM.Collect$$rtentry$$0000000D  c_w.l(rtentry2.o)
    0x080001fe   0x00000002   Code   RO          597    .ARM.Collect$$rtexit$$00000000  c_w.l(rtexit.o)
    0x08000200   0x00000000   Code   RO          643    .ARM.Collect$$rtexit$$00000002  c_w.l(rtexit2.o)
    0x08000200   0x00000004   Code   RO          644    .ARM.Collect$$rtexit$$00000003  c_w.l(rtexit2.o)
    0x08000204   0x00000006   Code   RO          645    .ARM.Collect$$rtexit$$00000004  c_w.l(rtexit2.o)
    0x0800020a   0x0000002e   Code   RO            1    .text               main.o
    0x08000238   0x00000040   Code   RO          165    .text               peripheralinit.o
    0x08000278   0x00000058   Code   RO          185    .text               stm32f10x_it.o
    0x080002d0   0x00000120   Code   RO          203    .text               delay.o
    0x080003f0   0x0000038c   Code   RO          215    .text               hw_config.o
    0x0800077c   0x000002e4   Code   RO          248    .text               usb_endp.o
    0x08000a60   0x000001c0   Code   RO          268    .text               usb_istr.o
    0x08000c20   0x00000244   Code   RO          286    .text               usb_prop.o
    0x08000e64   0x00000230   Code   RO          309    .text               usb_pwr.o
    0x08001094   0x000000b4   Code   RO          328    .text               control.o
    0x08001148   0x00000118   Code   RO          340    .text               gpio_init_configuration.o
    0x08001260   0x000000dc   Code   RO          352    .text               misc.o
    0x0800133c   0x0000039c   Code   RO          364    .text               stm32f10x_rcc.o
    0x080016d8   0x00000358   Code   RO          378    .text               stm32f10x_gpio.o
    0x08001a30   0x0000011c   Code   RO          402    .text               stm32f10x_exti.o
    0x08001b4c   0x00000408   Code   RO          414    .text               stm32f10x_usart.o
    0x08001f54   0x000001c8   Code   RO          437    .text               system_stm32f10x.o
    0x0800211c   0x00000040   Code   RO          458    .text               startup_stm32f10x_hd.o
    0x0800215c   0x00000af4   Code   RO          462    .text               usb_core.o
    0x08002c50   0x0000003c   Code   RO          477    .text               usb_init.o
    0x08002c8c   0x000002f0   Code   RO          500    .text               usb_int.o
    0x08002f7c   0x0000005c   Code   RO          524    .text               usb_mem.o
    0x08002fd8   0x0000079c   Code   RO          536    .text               usb_regs.o
    0x08003774   0x00000080   Code   RO          548    .text               usb_sil.o
    0x080037f4   0x0000004e   Code   RO          562    .text               c_w.l(rt_memclr_w.o)
    0x08003842   0x00000006   Code   RO          564    .text               c_w.l(heapauxi.o)
    0x08003848   0x0000004a   Code   RO          584    .text               c_w.l(sys_stackheap_outer.o)
    0x08003892   0x0000000c   Code   RO          586    .text               c_w.l(exit.o)
    0x0800389e   0x00000002   PAD
    0x080038a0   0x00000008   Code   RO          594    .text               c_w.l(libspace.o)
    0x080038a8   0x0000000c   Code   RO          653    .text               c_w.l(sys_exit.o)
    0x080038b4   0x00000002   Code   RO          664    .text               c_w.l(use_no_semi.o)
    0x080038b6   0x00000000   Code   RO          666    .text               c_w.l(indicate_semi.o)
    0x080038b6   0x000000ab   Data   RO          235    .constdata          usb_desc.o
    0x08003961   0x00000003   PAD
    0x08003964   0x00000020   Data   RO          718    Region$$Table       anon$$obj.o


    Execution Region RW_IRAM1 (Base: 0x20000000, Size: 0x00001510, Max: 0x0000c000, ABSOLUTE, COMPRESSED[0x000002ec])

    Base Addr    Size         Type   Attr      Idx    E Section Name        Object

    0x20000000   0x00000018   Data   RW          217    .data               hw_config.o
    0x20000018   0x0000001a   Data   RW          236    .data               usb_desc.o
    0x20000032   0x00000002   PAD
    0x20000034   0x000004bc   Data   RW          250    .data               usb_endp.o
    0x200004f0   0x00000046   Data   RW          269    .data               usb_istr.o
    0x20000536   0x00000002   PAD
    0x20000538   0x00000094   Data   RW          287    .data               usb_prop.o
    0x200005cc   0x0000000e   Data   RW          311    .data               usb_pwr.o
    0x200005da   0x00000014   Data   RW          365    .data               stm32f10x_rcc.o
    0x200005ee   0x00000002   PAD
    0x200005f0   0x00000014   Data   RW          438    .data               system_stm32f10x.o
    0x20000604   0x00000004   Data   RW          463    .data               usb_core.o
    0x20000608   0x00000014   Data   RW          479    .data               usb_init.o
    0x2000061c   0x00000004   Data   RW          501    .data               usb_int.o
    0x20000620   0x00000810   Zero   RW          216    .bss                hw_config.o
    0x20000e30   0x00000040   Zero   RW          249    .bss                usb_endp.o
    0x20000e70   0x00000020   Zero   RW          310    .bss                usb_pwr.o
    0x20000e90   0x0000001c   Zero   RW          478    .bss                usb_init.o
    0x20000eac   0x00000060   Zero   RW          595    .bss                c_w.l(libspace.o)
    0x20000f0c   0x00000004   PAD
    0x20000f10   0x00000200   Zero   RW          456    HEAP                startup_stm32f10x_hd.o
    0x20001110   0x00000400   Zero   RW          455    STACK               startup_stm32f10x_hd.o


==============================================================================

Image component sizes


      Code (inc. data)   RO Data    RW Data    ZI Data      Debug   Object Name

       180          4          0          0          0        750   control.o
         0          0          0          0          0         32   core_cm3.o
       288          0          0          0          0       2333   delay.o
       280         20          0          0          0        642   gpio_init_configuration.o
       908         56          0         24       2064       4883   hw_config.o
        46          0          0          0          0     246978   main.o
       220         20          0          0          0       1745   misc.o
        64          6          0          0          0        797   peripheralinit.o
        64         26        304          0       1536        788   startup_stm32f10x_hd.o
       284         10          0          0          0       2179   stm32f10x_exti.o
       856         40          0          0          0       5585   stm32f10x_gpio.o
        88          6          0          0          0       1632   stm32f10x_it.o
       924         44          0         20          0       8708   stm32f10x_rcc.o
      1032         22          0          0          0       8316   stm32f10x_usart.o
       456         36          0         20          0       1775   system_stm32f10x.o
      2804        102          0          4          0       7955   usb_core.o
         0          0        171         26          0        943   usb_desc.o
       740         52          0       1212         64       3742   usb_endp.o
        60         24          0         20         28       3922   usb_init.o
       752         30          0          4          0       1763   usb_int.o
       448         34          0         70          0       1427   usb_istr.o
        92          6          0          0          0       1310   usb_mem.o
       580         40          0        148          0       7079   usb_prop.o
       560         38          0         14         32       2679   usb_pwr.o
      1948         16          0          0          0      11469   usb_regs.o
       128          8          0          0          0       1330   usb_sil.o

    ----------------------------------------------------------------------
     13802        640        510       1568       3724     330762   Object Totals
         0          0         32          0          0          0   (incl. Generated)
         0          0          3          6          0          0   (incl. Padding)

    ----------------------------------------------------------------------

      Code (inc. data)   RO Data    RW Data    ZI Data      Debug   Library Member Name

        90          0          0          0          0          0   __dczerorl2.o
         8          0          0          0          0         68   __main.o
        52          8          0          0          0          0   __scatter.o
        28          0          0          0          0          0   __scatter_zi.o
        12          0          0          0          0         72   exit.o
         6          0          0          0          0        152   heapauxi.o
         0          0          0          0          0          0   indicate_semi.o
         2          0          0          0          0          0   libinit.o
         2          0          0          0          0          0   libinit2.o
         2          0          0          0          0          0   libshutdown.o
         2          0          0          0          0          0   libshutdown2.o
         8          4          0          0         96         68   libspace.o
        78          0          0          0          0         80   rt_memclr_w.o
         0          0          0          0          0          0   rtentry.o
        12          0          0          0          0          0   rtentry2.o
         6          0          0          0          0          0   rtentry4.o
         2          0          0          0          0          0   rtexit.o
        10          0          0          0          0          0   rtexit2.o
        12          4          0          0          0         68   sys_exit.o
        74          0          0          0          0         80   sys_stackheap_outer.o
         2          0          0          0          0         68   use_no_semi.o

    ----------------------------------------------------------------------
       412         16          0          0        100        656   Library Totals
         4          0          0          0          4          0   (incl. Padding)

    ----------------------------------------------------------------------

      Code (inc. data)   RO Data    RW Data    ZI Data      Debug   Library Name

       408         16          0          0         96        656   c_w.l

    ----------------------------------------------------------------------
       412         16          0          0        100        656   Library Totals

    ----------------------------------------------------------------------

==============================================================================


      Code (inc. data)   RO Data    RW Data    ZI Data      Debug   

     14214        656        510       1568       3824     328766   Grand Totals
     14214        656        510        748       3824     328766   ELF Image Totals (compressed)
     14214        656        510        748          0          0   ROM Totals

==============================================================================

    Total RO  Size (Code + RO Data)                14724 (  14.38kB)
    Total RW  Size (RW Data + ZI Data)              5392 (   5.27kB)
    Total ROM Size (Code + RO Data + RW Data)      15472 (  15.11kB)

==============================================================================

