<html>
<body>
<pre>
<h1>µVision Build Log</h1>
<h2>Project:</h2>
C:\Users\HUAWEI\Desktop\stm32(2)\Project\STM32_USB.uvproj
Project File Date:  01/16/2023

<h2>Output:</h2>
Rebuild target 'STM32_USB'
compiling main.c...
compiling PeripheralInit.c...
compiling stm32f10x_it.c...
compiling Delay.c...
compiling hw_config.c...
compiling usb_desc.c...
compiling usb_endp.c...
compiling usb_istr.c...
compiling usb_prop.c...
compiling usb_pwr.c...
compiling control.c...
compiling GPIO_Init_Configuration.c...
compiling misc.c...
compiling stm32f10x_rcc.c...
compiling stm32f10x_gpio.c...
compiling stm32f10x_fsmc.c...
compiling stm32f10x_exti.c...
compiling stm32f10x_usart.c...
compiling core_cm3.c...
compiling system_stm32f10x.c...
assembling startup_stm32f10x_hd.s...
compiling usb_core.c...
compiling usb_init.c...
compiling usb_int.c...
compiling usb_mem.c...
compiling usb_regs.c...
compiling usb_sil.c...
linking...
Program Size: Code=14262 RO-data=510 RW-data=1568 ZI-data=3824  
FromELF: creating hex file...
".\Obj\STM32_USB.axf" - 0 Error(s), 0 Warning(s).
Load "C:\\Users\\HUAWEI\\Desktop\\stm32(2)\\Project\\Obj\\STM32_USB.AXF" 
Erase Done.
Programming Done.
Verify OK.
Application running ...
Rebuild target 'STM32_USB'
compiling main.c...
compiling PeripheralInit.c...
compiling stm32f10x_it.c...
compiling Delay.c...
compiling hw_config.c...
compiling usb_desc.c...
compiling usb_endp.c...
compiling usb_istr.c...
compiling usb_prop.c...
compiling usb_pwr.c...
compiling control.c...
compiling GPIO_Init_Configuration.c...
compiling misc.c...
compiling stm32f10x_rcc.c...
compiling stm32f10x_gpio.c...
compiling stm32f10x_fsmc.c...
compiling stm32f10x_exti.c...
compiling stm32f10x_usart.c...
compiling core_cm3.c...
compiling system_stm32f10x.c...
assembling startup_stm32f10x_hd.s...
compiling usb_core.c...
compiling usb_init.c...
compiling usb_int.c...
compiling usb_mem.c...
compiling usb_regs.c...
compiling usb_sil.c...
linking...
Program Size: Code=14214 RO-data=510 RW-data=1568 ZI-data=3824  
FromELF: creating hex file...
".\Obj\STM32_USB.axf" - 0 Error(s), 0 Warning(s).
Load "C:\\Users\\HUAWEI\\Desktop\\stm32(2)\\Project\\Obj\\STM32_USB.AXF" 
Erase Done.
Programming Done.
Verify OK.
Application running ...
